Archive member included to satisfy reference by file (symbol)

/usr/lib/gcc/arm-none-eabi/10.3.1/../../../arm-none-eabi/lib/thumb/v7e-m+fp/hard/libc_nano.a(lib_a-assert.o)
                              build/debug/deca_device.o (__assert_func)
/usr/lib/gcc/arm-none-eabi/10.3.1/../../../arm-none-eabi/lib/thumb/v7e-m+fp/hard/libc_nano.a(lib_a-atexit.o)
                              /usr/lib/gcc/arm-none-eabi/10.3.1/../../../arm-none-eabi/lib/thumb/v7e-m+fp/hard/crt0.o (atexit)
/usr/lib/gcc/arm-none-eabi/10.3.1/../../../arm-none-eabi/lib/thumb/v7e-m+fp/hard/libc_nano.a(lib_a-errno.o)
                              build/debug/syscalls.o (__errno)
/usr/lib/gcc/arm-none-eabi/10.3.1/../../../arm-none-eabi/lib/thumb/v7e-m+fp/hard/libc_nano.a(lib_a-exit.o)
                              /usr/lib/gcc/arm-none-eabi/10.3.1/../../../arm-none-eabi/lib/thumb/v7e-m+fp/hard/crt0.o (exit)
/usr/lib/gcc/arm-none-eabi/10.3.1/../../../arm-none-eabi/lib/thumb/v7e-m+fp/hard/libc_nano.a(lib_a-fini.o)
                              /usr/lib/gcc/arm-none-eabi/10.3.1/../../../arm-none-eabi/lib/thumb/v7e-m+fp/hard/crt0.o (__libc_fini_array)
/usr/lib/gcc/arm-none-eabi/10.3.1/../../../arm-none-eabi/lib/thumb/v7e-m+fp/hard/libc_nano.a(lib_a-fprintf.o)
                              /usr/lib/gcc/arm-none-eabi/10.3.1/../../../arm-none-eabi/lib/thumb/v7e-m+fp/hard/libc_nano.a(lib_a-assert.o) (fiprintf)
/usr/lib/gcc/arm-none-eabi/10.3.1/../../../arm-none-eabi/lib/thumb/v7e-m+fp/hard/libc_nano.a(lib_a-impure.o)
                              /usr/lib/gcc/arm-none-eabi/10.3.1/../../../arm-none-eabi/lib/thumb/v7e-m+fp/hard/libc_nano.a(lib_a-exit.o) (_global_impure_ptr)
/usr/lib/gcc/arm-none-eabi/10.3.1/../../../arm-none-eabi/lib/thumb/v7e-m+fp/hard/libc_nano.a(lib_a-init.o)
                              /usr/lib/gcc/arm-none-eabi/10.3.1/../../../arm-none-eabi/lib/thumb/v7e-m+fp/hard/crt0.o (__libc_init_array)
/usr/lib/gcc/arm-none-eabi/10.3.1/../../../arm-none-eabi/lib/thumb/v7e-m+fp/hard/libc_nano.a(lib_a-memcmp.o)
                              build/debug/ds_twr_responder_sts.o (memcmp)
/usr/lib/gcc/arm-none-eabi/10.3.1/../../../arm-none-eabi/lib/thumb/v7e-m+fp/hard/libc_nano.a(lib_a-memset.o)
                              /usr/lib/gcc/arm-none-eabi/10.3.1/../../../arm-none-eabi/lib/thumb/v7e-m+fp/hard/crt0.o (memset)
/usr/lib/gcc/arm-none-eabi/10.3.1/../../../arm-none-eabi/lib/thumb/v7e-m+fp/hard/libc_nano.a(lib_a-nano-vfprintf.o)
                              /usr/lib/gcc/arm-none-eabi/10.3.1/../../../arm-none-eabi/lib/thumb/v7e-m+fp/hard/libc_nano.a(lib_a-fprintf.o) (_vfprintf_r)
/usr/lib/gcc/arm-none-eabi/10.3.1/../../../arm-none-eabi/lib/thumb/v7e-m+fp/hard/libc_nano.a(lib_a-nano-vfprintf_i.o)
                              /usr/lib/gcc/arm-none-eabi/10.3.1/../../../arm-none-eabi/lib/thumb/v7e-m+fp/hard/libc_nano.a(lib_a-nano-vfprintf.o) (_printf_i)
/usr/lib/gcc/arm-none-eabi/10.3.1/../../../arm-none-eabi/lib/thumb/v7e-m+fp/hard/libc_nano.a(lib_a-sprintf.o)
                              build/debug/myFunctions.o (sprintf)
/usr/lib/gcc/arm-none-eabi/10.3.1/../../../arm-none-eabi/lib/thumb/v7e-m+fp/hard/libc_nano.a(lib_a-strcat.o)
                              build/debug/myFunctions.o (strcat)
/usr/lib/gcc/arm-none-eabi/10.3.1/../../../arm-none-eabi/lib/thumb/v7e-m+fp/hard/libc_nano.a(lib_a-strcpy.o)
                              /usr/lib/gcc/arm-none-eabi/10.3.1/../../../arm-none-eabi/lib/thumb/v7e-m+fp/hard/libc_nano.a(lib_a-strcat.o) (strcpy)
/usr/lib/gcc/arm-none-eabi/10.3.1/../../../arm-none-eabi/lib/thumb/v7e-m+fp/hard/libc_nano.a(lib_a-strlen.o)
                              build/debug/myDWM3000.o (strlen)
/usr/lib/gcc/arm-none-eabi/10.3.1/../../../arm-none-eabi/lib/thumb/v7e-m+fp/hard/libc_nano.a(lib_a-wbuf.o)
                              /usr/lib/gcc/arm-none-eabi/10.3.1/../../../arm-none-eabi/lib/thumb/v7e-m+fp/hard/libc_nano.a(lib_a-nano-vfprintf.o) (__swbuf_r)
/usr/lib/gcc/arm-none-eabi/10.3.1/../../../arm-none-eabi/lib/thumb/v7e-m+fp/hard/libc_nano.a(lib_a-wsetup.o)
                              /usr/lib/gcc/arm-none-eabi/10.3.1/../../../arm-none-eabi/lib/thumb/v7e-m+fp/hard/libc_nano.a(lib_a-nano-vfprintf.o) (__swsetup_r)
/usr/lib/gcc/arm-none-eabi/10.3.1/../../../arm-none-eabi/lib/thumb/v7e-m+fp/hard/libc_nano.a(lib_a-__atexit.o)
                              /usr/lib/gcc/arm-none-eabi/10.3.1/../../../arm-none-eabi/lib/thumb/v7e-m+fp/hard/libc_nano.a(lib_a-atexit.o) (__register_exitproc)
/usr/lib/gcc/arm-none-eabi/10.3.1/../../../arm-none-eabi/lib/thumb/v7e-m+fp/hard/libc_nano.a(lib_a-__call_atexit.o)
                              /usr/lib/gcc/arm-none-eabi/10.3.1/../../../arm-none-eabi/lib/thumb/v7e-m+fp/hard/libc_nano.a(lib_a-__atexit.o) (__call_exitprocs)
/usr/lib/gcc/arm-none-eabi/10.3.1/../../../arm-none-eabi/lib/thumb/v7e-m+fp/hard/libc_nano.a(lib_a-abort.o)
                              /usr/lib/gcc/arm-none-eabi/10.3.1/../../../arm-none-eabi/lib/thumb/v7e-m+fp/hard/libc_nano.a(lib_a-assert.o) (abort)
[...]
Memory Configuration

Name             Origin             Length             Attributes
RAM              0x0000000020000000 0x0000000000008000 xrw
CCMRAM           0x0000000010000000 0x0000000000002000 xrw
FLASH            0x0000000008000000 0x0000000000020000 xr
*default*        0x0000000000000000 0xffffffffffffffff

Linker script and memory map

LOAD /usr/lib/gcc/arm-none-eabi/10.3.1/thumb/v7e-m+fp/hard/crti.o
LOAD /usr/lib/gcc/arm-none-eabi/10.3.1/thumb/v7e-m+fp/hard/crtbegin.o
LOAD /usr/lib/gcc/arm-none-eabi/10.3.1/../../../arm-none-eabi/lib/thumb/v7e-m+fp/hard/crt0.o
LOAD build/debug/config_options.o
LOAD build/debug/deca_device.o
LOAD build/debug/deca_mutex.o
LOAD build/debug/deca_sleep.o
LOAD build/debug/deca_spi.o
LOAD build/debug/dma.o
LOAD build/debug/ds_twr_responder_sts.o
LOAD build/debug/example_info.o
LOAD build/debug/gpio.o
LOAD build/debug/main.o
LOAD build/debug/myDWM3000.o
LOAD build/debug/myFunctions.o
LOAD build/debug/port.o
LOAD build/debug/shared_functions.o
LOAD build/debug/spi.o
LOAD build/debug/stm32f3xx_hal.o
LOAD build/debug/stm32f3xx_hal_cortex.o
LOAD build/debug/stm32f3xx_hal_dma.o
LOAD build/debug/stm32f3xx_hal_exti.o
LOAD build/debug/stm32f3xx_hal_flash.o
LOAD build/debug/stm32f3xx_hal_flash_ex.o
LOAD build/debug/stm32f3xx_hal_gpio.o
LOAD build/debug/stm32f3xx_hal_i2c.o
LOAD build/debug/stm32f3xx_hal_i2c_ex.o
LOAD build/debug/stm32f3xx_hal_msp.o
LOAD build/debug/stm32f3xx_hal_pwr.o
LOAD build/debug/stm32f3xx_hal_pwr_ex.o
LOAD build/debug/stm32f3xx_hal_rcc.o
LOAD build/debug/stm32f3xx_hal_rcc_ex.o
LOAD build/debug/stm32f3xx_hal_spi.o
LOAD build/debug/stm32f3xx_hal_spi_ex.o
LOAD build/debug/stm32f3xx_hal_tim.o
LOAD build/debug/stm32f3xx_hal_tim_ex.o
LOAD build/debug/stm32f3xx_hal_uart.o
LOAD build/debug/stm32f3xx_hal_uart_ex.o
LOAD build/debug/stm32f3xx_it.o
LOAD build/debug/syscalls.o
LOAD build/debug/sysmem.o
LOAD build/debug/system_stm32f3xx.o
LOAD build/debug/tim.o
LOAD build/debug/usart.o
LOAD build/debug/startup_stm32f303xc.o
LOAD /usr/lib/gcc/arm-none-eabi/10.3.1/../../../arm-none-eabi/lib/thumb/v7e-m+fp/hard/libc_nano.a
LOAD /usr/lib/gcc/arm-none-eabi/10.3.1/../../../arm-none-eabi/lib/thumb/v7e-m+fp/hard/libm.a
LOAD /usr/lib/gcc/arm-none-eabi/10.3.1/../../../arm-none-eabi/lib/thumb/v7e-m+fp/hard/libnosys.a
START GROUP
LOAD /usr/lib/gcc/arm-none-eabi/10.3.1/thumb/v7e-m+fp/hard/libgcc.a
LOAD /usr/lib/gcc/arm-none-eabi/10.3.1/../../../arm-none-eabi/lib/thumb/v7e-m+fp/hard/libc_nano.a
END GROUP
START GROUP
LOAD /usr/lib/gcc/arm-none-eabi/10.3.1/thumb/v7e-m+fp/hard/libgcc.a
LOAD /usr/lib/gcc/arm-none-eabi/10.3.1/../../../arm-none-eabi/lib/thumb/v7e-m+fp/hard/libc_nano.a
END GROUP
LOAD /usr/lib/gcc/arm-none-eabi/10.3.1/thumb/v7e-m+fp/hard/crtend.o
LOAD /usr/lib/gcc/arm-none-eabi/10.3.1/thumb/v7e-m+fp/hard/crtn.o
                0x0000000020008000                _estack = (ORIGIN (RAM) + LENGTH (RAM))
                0x0000000000000200                _Min_Heap_Size = 0x200
                0x0000000000000400                _Min_Stack_Size = 0x400

.isr_vector     0x0000000008000000      0x188
                0x0000000008000000                . = ALIGN (0x4)
 *(.isr_vector)
 .isr_vector    0x0000000008000000      0x188 build/debug/startup_stm32f303xc.o
                0x0000000008000000                g_pfnVectors
                0x0000000008000188                . = ALIGN (0x4)

.text           0x0000000008000190     0x7008
                0x0000000008000190                . = ALIGN (0x4)
 *(.text)
 .text          0x0000000008000190       0x88 /usr/lib/gcc/arm-none-eabi/10.3.1/thumb/v7e-m+fp/hard/crtbegin.o
 .text          0x0000000008000218       0x4c /usr/lib/gcc/arm-none-eabi/10.3.1/../../../arm-none-eabi/lib/thumb/v7e-m+fp/hard/libc_nano.a(lib_a-assert.o)
                0x0000000008000218                __assert_func
                0x0000000008000258                __assert
 .text          0x0000000008000264        0xc /usr/lib/gcc/arm-none-eabi/10.3.1/../../../arm-none-eabi/lib/thumb/v7e-m+fp/hard/libc_nano.a(lib_a-errno.o)
                0x0000000008000264                __errno
 .text          0x0000000008000270       0x44 /usr/lib/gcc/arm-none-eabi/10.3.1/../../../arm-none-eabi/lib/thumb/v7e-m+fp/hard/libc_nano.a(lib_a-fprintf.o)
                0x0000000008000270                _fprintf_r
                0x0000000008000270                _fiprintf_r
                0x000000000800028c                fprintf
                0x000000000800028c                fiprintf
 .text          0x00000000080002b4       0x48 /usr/lib/gcc/arm-none-eabi/10.3.1/../../../arm-none-eabi/lib/thumb/v7e-m+fp/hard/libc_nano.a(lib_a-init.o)
                0x00000000080002b4                __libc_init_array
 .text          0x00000000080002fc       0x64 /usr/lib/gcc/arm-none-eabi/10.3.1/../../../arm-none-eabi/lib/thumb/v7e-m+fp/hard/libc_nano.a(lib_a-memcmp.o)
                0x00000000080002fc                memcmp
 .text          0x0000000008000360       0xa4 /usr/lib/gcc/arm-none-eabi/10.3.1/../../../arm-none-eabi/lib/thumb/v7e-m+fp/hard/libc_nano.a(lib_a-memset.o)
                0x0000000008000360                memset
 .text          0x0000000008000404      0x328 /usr/lib/gcc/arm-none-eabi/10.3.1/../../../arm-none-eabi/lib/thumb/v7e-m+fp/hard/libc_nano.a(lib_a-nano-vfprintf.o)
                0x0000000008000440                __sfputs_r
                0x0000000008000470                __sprint_r
                0x000000000800048c                _vfiprintf_r
                0x000000000800048c                _vfprintf_r
                0x0000000008000710                vfiprintf
                0x0000000008000710                vfprintf
 .text          0x000000000800072c      0x3dc /usr/lib/gcc/arm-none-eabi/10.3.1/../../../arm-none-eabi/lib/thumb/v7e-m+fp/hard/libc_nano.a(lib_a-nano-vfprintf_i.o)
                0x000000000800072c                _printf_common
                0x0000000008000858                _printf_i
 .text          0x0000000008000b08       0xc8 /usr/lib/gcc/arm-none-eabi/10.3.1/../../../arm-none-eabi/lib/thumb/v7e-m+fp/hard/libc_nano.a(lib_a-wbuf.o)
                0x0000000008000b08                __swbuf_r
                0x0000000008000bb8                __swbuf
 .text          0x0000000008000bd0      0x104 /usr/lib/gcc/arm-none-eabi/10.3.1/../../../arm-none-eabi/lib/thumb/v7e-m+fp/hard/libc_nano.a(lib_a-wsetup.o)
                0x0000000008000bd0                __swsetup_r
 .text          0x0000000008000cd4       0x10 /usr/lib/gcc/arm-none-eabi/10.3.1/../../../arm-none-eabi/lib/thumb/v7e-m+fp/hard/libc_nano.a(lib_a-abort.o)
                0x0000000008000cd4                abort
 .text          0x0000000008000ce4      0x1e8 /usr/lib/gcc/arm-none-eabi/10.3.1/../../../arm-none-eabi/lib/thumb/v7e-m+fp/hard/libc_nano.a(lib_a-fflush.o)
                0x0000000008000ce4                __sflush_r
                0x0000000008000df8                _fflush_r
                0x0000000008000e4c                fflush
 .text          0x0000000008000ecc      0x238 /usr/lib/gcc/arm-none-eabi/10.3.1/../../../arm-none-eabi/lib/thumb/v7e-m+fp/hard/libc_nano.a(lib_a-findfp.o)
                0x0000000008000ed0                _cleanup_r
                0x0000000008000ee0                __sfmoreglue
                0x0000000008000f10                __sfp
                0x00000000080010b0                _cleanup
                0x00000000080010c4                __sinit
                0x00000000080010cc                __sfp_lock_acquire
                0x00000000080010d0                __sfp_lock_release
                0x00000000080010d4                __sinit_lock_acquire
                0x00000000080010d8                __sinit_lock_release
                0x00000000080010dc                __fp_lock_all
                0x00000000080010f0                __fp_unlock_all
 .text          0x0000000008001104      0x2f0 /usr/lib/gcc/arm-none-eabi/10.3.1/../../../arm-none-eabi/lib/thumb/v7e-m+fp/hard/libc_nano.a(lib_a-fvwrite.o)
                0x0000000008001104                __sfvwrite_r
 .text          0x00000000080013f4       0x88 /usr/lib/gcc/arm-none-eabi/10.3.1/../../../arm-none-eabi/lib/thumb/v7e-m+fp/hard/libc_nano.a(lib_a-fwalk.o)
                0x00000000080013f4                _fwalk
                0x0000000008001434                _fwalk_reent
 .text          0x000000000800147c      0x11c /usr/lib/gcc/arm-none-eabi/10.3.1/../../../arm-none-eabi/lib/thumb/v7e-m+fp/hard/libc_nano.a(lib_a-makebuf.o)
                0x000000000800147c                __smakebuf_r
                0x000000000800153c                __swhatbuf_r
 *fill*         0x0000000008001598        0x8 
 .text          0x00000000080015a0       0xa0 /usr/lib/gcc/arm-none-eabi/10.3.1/../../../arm-none-eabi/lib/thumb/v7e-m+fp/hard/libc_nano.a(lib_a-memchr.o)
                0x00000000080015a0                memchr
 .text          0x0000000008001640      0x134 /usr/lib/gcc/arm-none-eabi/10.3.1/../../../arm-none-eabi/lib/thumb/v7e-m+fp/hard/libc_nano.a(lib_a-memcpy.o)
                0x0000000008001640                memcpy
 .text          0x0000000008001774       0xf8 /usr/lib/gcc/arm-none-eabi/10.3.1/../../../arm-none-eabi/lib/thumb/v7e-m+fp/hard/libc_nano.a(lib_a-memmove.o)
                0x0000000008001774                memmove
 .text          0x000000000800186c       0xc4 /usr/lib/gcc/arm-none-eabi/10.3.1/../../../arm-none-eabi/lib/thumb/v7e-m+fp/hard/libc_nano.a(lib_a-nano-freer.o)
                0x000000000800186c                _free_r
 .text          0x0000000008001930       0xb4 /usr/lib/gcc/arm-none-eabi/10.3.1/../../../arm-none-eabi/lib/thumb/v7e-m+fp/hard/libc_nano.a(lib_a-nano-mallocr.o)
                0x0000000008001930                _malloc_r
 .text          0x00000000080019e4       0x50 /usr/lib/gcc/arm-none-eabi/10.3.1/../../../arm-none-eabi/lib/thumb/v7e-m+fp/hard/libc_nano.a(lib_a-nano-reallocr.o)
                0x00000000080019e4                _realloc_r
 .text          0x0000000008001a34       0x24 /usr/lib/gcc/arm-none-eabi/10.3.1/../../../arm-none-eabi/lib/thumb/v7e-m+fp/hard/libc_nano.a(lib_a-sbrkr.o)
                0x0000000008001a34                _sbrk_r
 .text          0x0000000008001a58      0x268 /usr/lib/gcc/arm-none-eabi/10.3.1/../../../arm-none-eabi/lib/thumb/v7e-m+fp/hard/libc_nano.a(lib_a-signal.o)
                0x0000000008001a58                _init_signal_r
                0x0000000008001a84                _signal_r
                0x0000000008001acc                _raise_r
                0x0000000008001b20                __sigtramp_r
                0x0000000008001b80                raise
                0x0000000008001bd8                signal
                0x0000000008001c28                _init_signal
                0x0000000008001c5c                __sigtramp
 .text          0x0000000008001cc0       0x30 /usr/lib/gcc/arm-none-eabi/10.3.1/../../../arm-none-eabi/lib/thumb/v7e-m+fp/hard/libc_nano.a(lib_a-signalr.o)
                0x0000000008001cc0                _kill_r
                0x0000000008001cec                _getpid_r
 .text          0x0000000008001cf0       0x90 /usr/lib/gcc/arm-none-eabi/10.3.1/../../../arm-none-eabi/lib/thumb/v7e-m+fp/hard/libc_nano.a(lib_a-stdio.o)
                0x0000000008001cf0                __sread
                0x0000000008001d14                __seofread
                0x0000000008001d18                __swrite
                0x0000000008001d58                __sseek
                0x0000000008001d78                __sclose
 .text          0x0000000008001d80       0x2c /usr/lib/gcc/arm-none-eabi/10.3.1/../../../arm-none-eabi/lib/thumb/v7e-m+fp/hard/libc_nano.a(lib_a-writer.o)
                0x0000000008001d80                _write_r
 .text          0x0000000008001dac       0x24 /usr/lib/gcc/arm-none-eabi/10.3.1/../../../arm-none-eabi/lib/thumb/v7e-m+fp/hard/libc_nano.a(lib_a-closer.o)
                0x0000000008001dac                _close_r
 .text          0x0000000008001dd0       0x2c /usr/lib/gcc/arm-none-eabi/10.3.1/../../../arm-none-eabi/lib/thumb/v7e-m+fp/hard/libc_nano.a(lib_a-fstatr.o)
                0x0000000008001dd0                _fstat_r
 .text          0x0000000008001dfc       0x24 /usr/lib/gcc/arm-none-eabi/10.3.1/../../../arm-none-eabi/lib/thumb/v7e-m+fp/hard/libc_nano.a(lib_a-isattyr.o)
                0x0000000008001dfc                _isatty_r
 .text          0x0000000008001e20       0x2c /usr/lib/gcc/arm-none-eabi/10.3.1/../../../arm-none-eabi/lib/thumb/v7e-m+fp/hard/libc_nano.a(lib_a-lseekr.o)
                0x0000000008001e20                _lseek_r
 .text          0x0000000008001e4c        0x8 /usr/lib/gcc/arm-none-eabi/10.3.1/../../../arm-none-eabi/lib/thumb/v7e-m+fp/hard/libc_nano.a(lib_a-mlock.o)
                0x0000000008001e4c                __malloc_lock
                0x0000000008001e50                __malloc_unlock
 .text          0x0000000008001e54       0x14 /usr/lib/gcc/arm-none-eabi/10.3.1/../../../arm-none-eabi/lib/thumb/v7e-m+fp/hard/libc_nano.a(lib_a-nano-msizer.o)
                0x0000000008001e54                _malloc_usable_size_r
 .text          0x0000000008001e68       0x2c /usr/lib/gcc/arm-none-eabi/10.3.1/../../../arm-none-eabi/lib/thumb/v7e-m+fp/hard/libc_nano.a(lib_a-readr.o)
                0x0000000008001e68                _read_r
 .text          0x0000000008001e94      0x378 /usr/lib/gcc/arm-none-eabi/10.3.1/thumb/v7e-m+fp/hard/libgcc.a(_arm_addsubdf3.o)
                0x0000000008001e94                __aeabi_drsub
                0x0000000008001e9c                __aeabi_dsub
                0x0000000008001e9c                __subdf3
                0x0000000008001ea0                __adddf3
                0x0000000008001ea0                __aeabi_dadd
                0x0000000008002118                __aeabi_ui2d
                0x0000000008002118                __floatunsidf
                0x0000000008002138                __floatsidf
                0x0000000008002138                __aeabi_i2d
                0x000000000800215c                __extendsfdf2
                0x000000000800215c                __aeabi_f2d
                0x00000000080021a0                __aeabi_ul2d
                0x00000000080021a0                __floatundidf
                0x00000000080021b0                __floatdidf
                0x00000000080021b0                __aeabi_l2d
 .text          0x000000000800220c      0x424 /usr/lib/gcc/arm-none-eabi/10.3.1/thumb/v7e-m+fp/hard/libgcc.a(_arm_muldivdf3.o)
                0x000000000800220c                __aeabi_dmul
                0x000000000800220c                __muldf3
                0x0000000008002460                __aeabi_ddiv
                0x0000000008002460                __divdf3
 .text          0x0000000008002630       0xa0 /usr/lib/gcc/arm-none-eabi/10.3.1/thumb/v7e-m+fp/hard/libgcc.a(_arm_truncdfsf2.o)
                0x0000000008002630                __aeabi_d2f
                0x0000000008002630                __truncdfsf2
 .text          0x00000000080026d0       0x30 /usr/lib/gcc/arm-none-eabi/10.3.1/thumb/v7e-m+fp/hard/libgcc.a(_fixdfdi.o)
                0x00000000080026d0                __aeabi_d2lz
                0x00000000080026d0                __fixdfdi
 .text          0x0000000008002700       0x3c /usr/lib/gcc/arm-none-eabi/10.3.1/thumb/v7e-m+fp/hard/libgcc.a(_fixunsdfdi.o)
                0x0000000008002700                __aeabi_d2ulz
                0x0000000008002700                __fixunsdfdi
 .text          0x000000000800273c      0x110 /usr/lib/gcc/arm-none-eabi/10.3.1/thumb/v7e-m+fp/hard/libgcc.a(_arm_cmpdf2.o)
                0x000000000800273c                __gtdf2
                0x000000000800273c                __gedf2
                0x0000000008002744                __ltdf2
                0x0000000008002744                __ledf2
                0x000000000800274c                __cmpdf2
                0x000000000800274c                __eqdf2
                0x000000000800274c                __nedf2
                0x00000000080027c8                __aeabi_cdrcmple
                0x00000000080027d8                __aeabi_cdcmple
                0x00000000080027d8                __aeabi_cdcmpeq
                0x00000000080027e8                __aeabi_dcmpeq
                0x00000000080027fc                __aeabi_dcmplt
                0x0000000008002810                __aeabi_dcmple
                0x0000000008002824                __aeabi_dcmpge
                0x0000000008002838                __aeabi_dcmpgt
 .text          0x000000000800284c       0x40 /usr/lib/gcc/arm-none-eabi/10.3.1/thumb/v7e-m+fp/hard/libgcc.a(_arm_fixunsdfsi.o)
                0x000000000800284c                __fixunsdfsi
                0x000000000800284c                __aeabi_d2uiz
 *(.text*)
 .text.get_sts_mnth
                0x000000000800288c       0x28 build/debug/deca_device.o
 .text.dwt_generatecrc8
                0x00000000080028b4       0x28 build/debug/deca_device.o
                0x00000000080028b4                dwt_generatecrc8
 .text.dwt_xfer3000
                0x00000000080028dc      0x164 build/debug/deca_device.o
 .text.dwt_writetodevice
                0x0000000008002a40       0x12 build/debug/deca_device.o
                0x0000000008002a40                dwt_writetodevice
 .text.dwt_write32bitoffsetreg
                0x0000000008002a52       0x2a build/debug/deca_device.o
                0x0000000008002a52                dwt_write32bitoffsetreg
 .text.dwt_disable_rftx_blocks
                0x0000000008002a7c       0x14 build/debug/deca_device.o
 .text.dwt_disable_rf_tx
                0x0000000008002a90       0x34 build/debug/deca_device.o
 .text.dwt_write16bitoffsetreg
                0x0000000008002ac4       0x1e build/debug/deca_device.o
                0x0000000008002ac4                dwt_write16bitoffsetreg
 *fill*         0x0000000008002ae2        0x2 
 .text.dwt_force_clocks
                0x0000000008002ae4       0x30 build/debug/deca_device.o
 .text.dwt_write8bitoffsetreg
                0x0000000008002b14       0x1a build/debug/deca_device.o
                0x0000000008002b14                dwt_write8bitoffsetreg
 .text.dwt_readfromdevice
                0x0000000008002b2e       0x10 build/debug/deca_device.o
                0x0000000008002b2e                dwt_readfromdevice
 .text.dwt_read32bitoffsetreg
                0x0000000008002b3e       0x2e build/debug/deca_device.o
                0x0000000008002b3e                dwt_read32bitoffsetreg
 .text._dwt_otpread
                0x0000000008002b6c       0x3c build/debug/deca_device.o
 .text.dwt_read16bitoffsetreg
                0x0000000008002ba8       0x22 build/debug/deca_device.o
                0x0000000008002ba8                dwt_read16bitoffsetreg
 .text.dwt_read8bitoffsetreg
                0x0000000008002bca       0x1a build/debug/deca_device.o
                0x0000000008002bca                dwt_read8bitoffsetreg
 .text.dwt_modify32bitoffsetreg
                0x0000000008002be4       0x4e build/debug/deca_device.o
                0x0000000008002be4                dwt_modify32bitoffsetreg
 *fill*         0x0000000008002c32        0x2 
 .text._dwt_kick_dgc_on_wakeup
                0x0000000008002c34       0x34 build/debug/deca_device.o
 .text.dwt_enable_rf_tx
                0x0000000008002c68       0x74 build/debug/deca_device.o
 .text.dwt_enable_rftx_blocks
                0x0000000008002cdc       0x38 build/debug/deca_device.o
 .text.dwt_modify16bitoffsetreg
                0x0000000008002d14       0x2e build/debug/deca_device.o
                0x0000000008002d14                dwt_modify16bitoffsetreg
 *fill*         0x0000000008002d42        0x2 
 .text._dwt_prog_ldo_and_bias_tune
                0x0000000008002d44       0x34 build/debug/deca_device.o
 .text.dwt_modify8bitoffsetreg
                0x0000000008002d78       0x22 build/debug/deca_device.o
                0x0000000008002d78                dwt_modify8bitoffsetreg
 *fill*         0x0000000008002d9a        0x2 
 .text.dwt_setdwstate
                0x0000000008002d9c       0x84 build/debug/deca_device.o
                0x0000000008002d9c                dwt_setdwstate
 .text.dwt_readdevid
                0x0000000008002e20        0xc build/debug/deca_device.o
                0x0000000008002e20                dwt_readdevid
 .text.dwt_configurestskey
                0x0000000008002e2c       0x40 build/debug/deca_device.o
                0x0000000008002e2c                dwt_configurestskey
 .text.dwt_configurestsiv
                0x0000000008002e6c       0x40 build/debug/deca_device.o
                0x0000000008002e6c                dwt_configurestsiv
 .text.dwt_configurestsloadiv
                0x0000000008002eac       0x14 build/debug/deca_device.o
                0x0000000008002eac                dwt_configurestsloadiv
 .text.dwt_configmrxlut
                0x0000000008002ec0       0xec build/debug/deca_device.o
                0x0000000008002ec0                dwt_configmrxlut
 .text.dwt_run_pgfcal
                0x0000000008002fac       0xb0 build/debug/deca_device.o
                0x0000000008002fac                dwt_run_pgfcal
 .text.dwt_pgf_cal
                0x000000000800305c       0x48 build/debug/deca_device.o
                0x000000000800305c                dwt_pgf_cal
 .text.dwt_setrxantennadelay
                0x00000000080030a4       0x10 build/debug/deca_device.o
                0x00000000080030a4                dwt_setrxantennadelay
 .text.dwt_settxantennadelay
                0x00000000080030b4       0x14 build/debug/deca_device.o
                0x00000000080030b4                dwt_settxantennadelay
 .text.dwt_writetxdata
                0x00000000080030c8       0x58 build/debug/deca_device.o
                0x00000000080030c8                dwt_writetxdata
 .text.dwt_writetxfctrl
                0x0000000008003120       0x40 build/debug/deca_device.o
                0x0000000008003120                dwt_writetxfctrl
 .text.dwt_setplenfine
                0x0000000008003160        0xe build/debug/deca_device.o
                0x0000000008003160                dwt_setplenfine
 *fill*         0x000000000800316e        0x2 
 .text.dwt_configure
                0x0000000008003170      0x388 build/debug/deca_device.o
                0x0000000008003170                dwt_configure
 .text.dwt_readrxdata
                0x00000000080034f8       0x64 build/debug/deca_device.o
                0x00000000080034f8                dwt_readrxdata
 .text.dwt_readstsquality
                0x000000000800355c       0x34 build/debug/deca_device.o
                0x000000000800355c                dwt_readstsquality
 .text.dwt_readstsstatus
                0x0000000008003590       0x74 build/debug/deca_device.o
                0x0000000008003590                dwt_readstsstatus
 .text.dwt_readtxtimestamp
                0x0000000008003604       0x10 build/debug/deca_device.o
                0x0000000008003604                dwt_readtxtimestamp
 .text.dwt_readrxtimestamp
                0x0000000008003614       0x40 build/debug/deca_device.o
                0x0000000008003614                dwt_readrxtimestamp
 .text.dwt_configureframefilter
                0x0000000008003654       0x38 build/debug/deca_device.o
                0x0000000008003654                dwt_configureframefilter
 .text.dwt_setpanid
                0x000000000800368c        0xe build/debug/deca_device.o
                0x000000000800368c                dwt_setpanid
 .text.dwt_setaddress16
                0x000000000800369a        0xe build/debug/deca_device.o
                0x000000000800369a                dwt_setaddress16
 .text.dwt_check_dev_id
                0x00000000080036a8       0x24 build/debug/deca_device.o
                0x00000000080036a8                dwt_check_dev_id
 .text.dwt_initialise
                0x00000000080036cc      0x120 build/debug/deca_device.o
                0x00000000080036cc                dwt_initialise
 .text.dwt_setrxaftertxdelay
                0x00000000080037ec       0x28 build/debug/deca_device.o
                0x00000000080037ec                dwt_setrxaftertxdelay
 .text.dwt_checkidlerc
                0x0000000008003814       0x10 build/debug/deca_device.o
                0x0000000008003814                dwt_checkidlerc
 .text.dwt_setdelayedtrxtime
                0x0000000008003824        0xe build/debug/deca_device.o
                0x0000000008003824                dwt_setdelayedtrxtime
 *fill*         0x0000000008003832        0x2 
 .text.dwt_starttx
                0x0000000008003834      0x13c build/debug/deca_device.o
                0x0000000008003834                dwt_starttx
 .text.dwt_rxenable
                0x0000000008003970       0xa8 build/debug/deca_device.o
                0x0000000008003970                dwt_rxenable
 .text.dwt_calcbandwidthadj
                0x0000000008003a18       0x6c build/debug/deca_device.o
                0x0000000008003a18                dwt_calcbandwidthadj
 .text.dwt_configuretxrf
                0x0000000008003a84       0x48 build/debug/deca_device.o
                0x0000000008003a84                dwt_configuretxrf
 .text.decamutexon
                0x0000000008003acc       0x14 build/debug/deca_mutex.o
                0x0000000008003acc                decamutexon
 .text.decamutexoff
                0x0000000008003ae0        0xc build/debug/deca_mutex.o
                0x0000000008003ae0                decamutexoff
 .text.deca_usleep
                0x0000000008003aec        0x8 build/debug/deca_sleep.o
                0x0000000008003aec                deca_usleep
 .text.writetospiwithcrc
                0x0000000008003af4       0x6c build/debug/deca_spi.o
                0x0000000008003af4                writetospiwithcrc
 .text.writetospi
                0x0000000008003b60       0x64 build/debug/deca_spi.o
                0x0000000008003b60                writetospi
 .text.readfromspi
                0x0000000008003bc4       0x68 build/debug/deca_spi.o
                0x0000000008003bc4                readfromspi
 .text.MX_DMA_Init
                0x0000000008003c2c       0x34 build/debug/dma.o
                0x0000000008003c2c                MX_DMA_Init
 .text.ds_twr_responder_sts
                0x0000000008003c60      0x3c8 build/debug/ds_twr_responder_sts.o
                0x0000000008003c60                ds_twr_responder_sts
 .text.build_examples
                0x0000000008004028       0x10 build/debug/example_info.o
                0x0000000008004028                build_examples
 .text.MX_GPIO_Init
                0x0000000008004038       0x98 build/debug/gpio.o
                0x0000000008004038                MX_GPIO_Init
 .text.HAL_UART_TxCpltCallback
                0x00000000080040d0       0x1c build/debug/main.o
                0x00000000080040d0                HAL_UART_TxCpltCallback
 *fill*         0x00000000080040ec        0x4 
 .text.Send_Distance_Over_UART
                0x00000000080040f0       0x7c build/debug/main.o
                0x00000000080040f0                Send_Distance_Over_UART
 .text.Error_Handler
                0x000000000800416c        0x4 build/debug/main.o
                0x000000000800416c                Error_Handler
 .text.SystemClock_Config
                0x0000000008004170       0x82 build/debug/main.o
                0x0000000008004170                SystemClock_Config
 *fill*         0x00000000080041f2        0x2 
 .text.main     0x00000000080041f4       0x3c build/debug/main.o
                0x00000000080041f4                main
 .text.usleep   0x0000000008004230       0x38 build/debug/port.o
                0x0000000008004230                usleep
 .text.Sleep    0x0000000008004268       0x16 build/debug/port.o
                0x0000000008004268                Sleep
 .text.port_DisableEXT_IRQ
                0x000000000800427e        0xe build/debug/port.o
                0x000000000800427e                port_DisableEXT_IRQ
 .text.port_EnableEXT_IRQ
                0x000000000800428c        0xe build/debug/port.o
                0x000000000800428c                port_EnableEXT_IRQ
 *fill*         0x000000000800429a        0x2 
 .text.EXTI_GetITEnStatus
                0x000000000800429c       0x40 build/debug/port.o
                0x000000000800429c                EXTI_GetITEnStatus
 .text.port_GetEXT_IRQStatus
                0x00000000080042dc       0x10 build/debug/port.o
                0x00000000080042dc                port_GetEXT_IRQStatus
 .text.my_reset_DWIC
                0x00000000080042ec       0x38 build/debug/port.o
                0x00000000080042ec                my_reset_DWIC
 .text.__NVIC_EnableIRQ
                0x0000000008004324       0x1c build/debug/port.o
 .text.__NVIC_DisableIRQ
                0x0000000008004340       0x24 build/debug/port.o
 .text.check_for_status_errors
                0x0000000008004364       0xfe build/debug/shared_functions.o
                0x0000000008004364                check_for_status_errors
 *fill*         0x0000000008004462        0x2 
 .text.get_rx_delay_time_txpreamble
                0x0000000008004464       0x44 build/debug/shared_functions.o
                0x0000000008004464                get_rx_delay_time_txpreamble
 .text.get_rx_delay_time_data_rate
                0x00000000080044a8       0x14 build/debug/shared_functions.o
                0x00000000080044a8                get_rx_delay_time_data_rate
 .text.get_tx_timestamp_u64
                0x00000000080044bc       0x34 build/debug/shared_functions.o
                0x00000000080044bc                get_tx_timestamp_u64
 .text.get_rx_timestamp_u64
                0x00000000080044f0       0x34 build/debug/shared_functions.o
                0x00000000080044f0                get_rx_timestamp_u64
 .text.final_msg_get_ts
                0x0000000008004524       0x20 build/debug/shared_functions.o
                0x0000000008004524                final_msg_get_ts
 .text.MX_SPI1_Init
                0x0000000008004544       0x4c build/debug/spi.o
                0x0000000008004544                MX_SPI1_Init
 .text.HAL_SPI_MspInit
                0x0000000008004590       0x68 build/debug/spi.o
                0x0000000008004590                HAL_SPI_MspInit
 .text.HAL_InitTick
                0x00000000080045f8       0x4c build/debug/stm32f3xx_hal.o
                0x00000000080045f8                HAL_InitTick
 .text.HAL_Init
                0x0000000008004644       0x24 build/debug/stm32f3xx_hal.o
                0x0000000008004644                HAL_Init
 .text.HAL_IncTick
                0x0000000008004668       0x18 build/debug/stm32f3xx_hal.o
                0x0000000008004668                HAL_IncTick
 .text.HAL_GetTick
                0x0000000008004680        0xc build/debug/stm32f3xx_hal.o
                0x0000000008004680                HAL_GetTick
 .text.HAL_Delay
                0x000000000800468c       0x28 build/debug/stm32f3xx_hal.o
                0x000000000800468c                HAL_Delay
 .text.HAL_NVIC_SetPriorityGrouping
                0x00000000080046b4       0x24 build/debug/stm32f3xx_hal_cortex.o
                0x00000000080046b4                HAL_NVIC_SetPriorityGrouping
 .text.HAL_NVIC_SetPriority
                0x00000000080046d8       0x70 build/debug/stm32f3xx_hal_cortex.o
                0x00000000080046d8                HAL_NVIC_SetPriority
 .text.HAL_NVIC_EnableIRQ
                0x0000000008004748       0x1c build/debug/stm32f3xx_hal_cortex.o
                0x0000000008004748                HAL_NVIC_EnableIRQ
 .text.HAL_SYSTICK_Config
                0x0000000008004764       0x28 build/debug/stm32f3xx_hal_cortex.o
                0x0000000008004764                HAL_SYSTICK_Config
 .text.DMA_SetConfig
                0x000000000800478c       0x2c build/debug/stm32f3xx_hal_dma.o
 .text.DMA_CalcBaseAndBitshift
                0x00000000080047b8       0x4c build/debug/stm32f3xx_hal_dma.o
 .text.HAL_DMA_Init
                0x0000000008004804       0x50 build/debug/stm32f3xx_hal_dma.o
                0x0000000008004804                HAL_DMA_Init
 .text.HAL_DMA_Start_IT
                0x0000000008004854       0x74 build/debug/stm32f3xx_hal_dma.o
                0x0000000008004854                HAL_DMA_Start_IT
 .text.HAL_DMA_Abort
                0x00000000080048c8       0x4a build/debug/stm32f3xx_hal_dma.o
                0x00000000080048c8                HAL_DMA_Abort
 .text.HAL_DMA_Abort_IT
                0x0000000008004912       0x4a build/debug/stm32f3xx_hal_dma.o
                0x0000000008004912                HAL_DMA_Abort_IT
 .text.HAL_DMA_IRQHandler
                0x000000000800495c       0xb4 build/debug/stm32f3xx_hal_dma.o
                0x000000000800495c                HAL_DMA_IRQHandler
 .text.HAL_GPIO_Init
                0x0000000008004a10      0x1c8 build/debug/stm32f3xx_hal_gpio.o
                0x0000000008004a10                HAL_GPIO_Init
 .text.HAL_GPIO_WritePin
                0x0000000008004bd8        0xa build/debug/stm32f3xx_hal_gpio.o
                0x0000000008004bd8                HAL_GPIO_WritePin
 *fill*         0x0000000008004be2        0x2 
 .text.HAL_MspInit
                0x0000000008004be4       0x30 build/debug/stm32f3xx_hal_msp.o
                0x0000000008004be4                HAL_MspInit
 .text.HAL_RCC_OscConfig
                0x0000000008004c14      0x634 build/debug/stm32f3xx_hal_rcc.o
                0x0000000008004c14                HAL_RCC_OscConfig
 .text.HAL_RCC_GetSysClockFreq
                0x0000000008005248       0x60 build/debug/stm32f3xx_hal_rcc.o
                0x0000000008005248                HAL_RCC_GetSysClockFreq
 .text.HAL_RCC_ClockConfig
                0x00000000080052a8      0x1a8 build/debug/stm32f3xx_hal_rcc.o
                0x00000000080052a8                HAL_RCC_ClockConfig
 .text.HAL_RCC_GetHCLKFreq
                0x0000000008005450        0xc build/debug/stm32f3xx_hal_rcc.o
                0x0000000008005450                HAL_RCC_GetHCLKFreq
 .text.HAL_RCC_GetPCLK1Freq
                0x000000000800545c       0x2c build/debug/stm32f3xx_hal_rcc.o
                0x000000000800545c                HAL_RCC_GetPCLK1Freq
 .text.HAL_RCC_GetPCLK2Freq
                0x0000000008005488       0x2c build/debug/stm32f3xx_hal_rcc.o
                0x0000000008005488                HAL_RCC_GetPCLK2Freq
 .text.HAL_RCCEx_PeriphCLKConfig
                0x00000000080054b4      0x260 build/debug/stm32f3xx_hal_rcc_ex.o
                0x00000000080054b4                HAL_RCCEx_PeriphCLKConfig
 .text.SPI_WaitFlagStateUntilTimeout
                0x0000000008005714       0xd4 build/debug/stm32f3xx_hal_spi.o
 .text.SPI_WaitFifoStateUntilTimeout
                0x00000000080057e8       0xf4 build/debug/stm32f3xx_hal_spi.o
 .text.SPI_EndRxTxTransaction
                0x00000000080058dc       0x62 build/debug/stm32f3xx_hal_spi.o
 .text.SPI_EndRxTransaction
                0x000000000800593e       0x82 build/debug/stm32f3xx_hal_spi.o
 .text.HAL_SPI_Init
                0x00000000080059c0       0xe8 build/debug/stm32f3xx_hal_spi.o
                0x00000000080059c0                HAL_SPI_Init
 .text.HAL_SPI_Transmit
                0x0000000008005aa8      0x1fe build/debug/stm32f3xx_hal_spi.o
                0x0000000008005aa8                HAL_SPI_Transmit
 .text.HAL_SPI_TransmitReceive
                0x0000000008005ca6      0x2ec build/debug/stm32f3xx_hal_spi.o
                0x0000000008005ca6                HAL_SPI_TransmitReceive
 .text.HAL_SPI_Receive
                0x0000000008005f92      0x1a8 build/debug/stm32f3xx_hal_spi.o
                0x0000000008005f92                HAL_SPI_Receive
 .text.HAL_SPI_GetState
                0x000000000800613a        0x6 build/debug/stm32f3xx_hal_spi.o
                0x000000000800613a                HAL_SPI_GetState
 .text.TIM_TI1_ConfigInputStage
                0x0000000008006140       0x26 build/debug/stm32f3xx_hal_tim.o
 .text.TIM_TI2_ConfigInputStage
                0x0000000008006166       0x28 build/debug/stm32f3xx_hal_tim.o
 .text.TIM_ITRx_SetConfig
                0x000000000800618e       0x10 build/debug/stm32f3xx_hal_tim.o
 *fill*         0x000000000800619e        0x2 
 .text.HAL_TIM_Base_Start
                0x00000000080061a0       0x7c build/debug/stm32f3xx_hal_tim.o
                0x00000000080061a0                HAL_TIM_Base_Start
 .text.TIM_Base_SetConfig
                0x000000000800621c       0xc8 build/debug/stm32f3xx_hal_tim.o
                0x000000000800621c                TIM_Base_SetConfig
 .text.HAL_TIM_Base_Init
                0x00000000080062e4       0x60 build/debug/stm32f3xx_hal_tim.o
                0x00000000080062e4                HAL_TIM_Base_Init
 .text.TIM_ETR_SetConfig
                0x0000000008006344       0x1a build/debug/stm32f3xx_hal_tim.o
                0x0000000008006344                TIM_ETR_SetConfig
 *fill*         0x000000000800635e        0x2 
 .text.HAL_TIM_ConfigClockSource
                0x0000000008006360      0x100 build/debug/stm32f3xx_hal_tim.o
                0x0000000008006360                HAL_TIM_ConfigClockSource
 .text.HAL_TIMEx_MasterConfigSynchronization
                0x0000000008006460       0x90 build/debug/stm32f3xx_hal_tim_ex.o
                0x0000000008006460                HAL_TIMEx_MasterConfigSynchronization
 .text.UART_EndTxTransfer
                0x00000000080064f0       0x18 build/debug/stm32f3xx_hal_uart.o
 .text.UART_EndRxTransfer
                0x0000000008006508       0x52 build/debug/stm32f3xx_hal_uart.o
 *fill*         0x000000000800655a        0x2 
 .text.HAL_UART_Transmit_DMA
                0x000000000800655c       0x98 build/debug/stm32f3xx_hal_uart.o
                0x000000000800655c                HAL_UART_Transmit_DMA
 .text.UART_DMATransmitCplt
                0x00000000080065f4       0x44 build/debug/stm32f3xx_hal_uart.o
 .text.UART_EndTransmit_IT
                0x0000000008006638       0x22 build/debug/stm32f3xx_hal_uart.o
 .text.HAL_UART_TxHalfCpltCallback
                0x000000000800665a        0x2 build/debug/stm32f3xx_hal_uart.o
                0x000000000800665a                HAL_UART_TxHalfCpltCallback
 .text.UART_DMATxHalfCplt
                0x000000000800665c        0xa build/debug/stm32f3xx_hal_uart.o
 .text.HAL_UART_ErrorCallback
                0x0000000008006666        0x2 build/debug/stm32f3xx_hal_uart.o
                0x0000000008006666                HAL_UART_ErrorCallback
 .text.UART_DMAError
                0x0000000008006668       0x56 build/debug/stm32f3xx_hal_uart.o
 .text.UART_DMAAbortOnError
                0x00000000080066be       0x14 build/debug/stm32f3xx_hal_uart.o
 .text.HAL_UARTEx_RxEventCallback
                0x00000000080066d2        0x2 build/debug/stm32f3xx_hal_uart.o
                0x00000000080066d2                HAL_UARTEx_RxEventCallback
 .text.HAL_UART_IRQHandler
                0x00000000080066d4      0x2ec build/debug/stm32f3xx_hal_uart.o
                0x00000000080066d4                HAL_UART_IRQHandler
 .text.UART_SetConfig
                0x00000000080069c0      0x250 build/debug/stm32f3xx_hal_uart.o
                0x00000000080069c0                UART_SetConfig
 .text.UART_AdvFeatureConfig
                0x0000000008006c10       0xca build/debug/stm32f3xx_hal_uart.o
                0x0000000008006c10                UART_AdvFeatureConfig
 .text.UART_WaitOnFlagUntilTimeout
                0x0000000008006cda       0xa2 build/debug/stm32f3xx_hal_uart.o
                0x0000000008006cda                UART_WaitOnFlagUntilTimeout
 .text.UART_CheckIdleState
                0x0000000008006d7c       0xc6 build/debug/stm32f3xx_hal_uart.o
                0x0000000008006d7c                UART_CheckIdleState
 .text.HAL_UART_Init
                0x0000000008006e42       0x62 build/debug/stm32f3xx_hal_uart.o
                0x0000000008006e42                HAL_UART_Init
 .text.HAL_UARTEx_WakeupCallback
                0x0000000008006ea4        0x2 build/debug/stm32f3xx_hal_uart_ex.o
                0x0000000008006ea4                HAL_UARTEx_WakeupCallback
 .text.NMI_Handler
                0x0000000008006ea6        0x2 build/debug/stm32f3xx_it.o
                0x0000000008006ea6                NMI_Handler
 .text.HardFault_Handler
                0x0000000008006ea8        0x2 build/debug/stm32f3xx_it.o
                0x0000000008006ea8                HardFault_Handler
 .text.MemManage_Handler
                0x0000000008006eaa        0x2 build/debug/stm32f3xx_it.o
                0x0000000008006eaa                MemManage_Handler
 .text.BusFault_Handler
                0x0000000008006eac        0x2 build/debug/stm32f3xx_it.o
                0x0000000008006eac                BusFault_Handler
 .text.UsageFault_Handler
                0x0000000008006eae        0x2 build/debug/stm32f3xx_it.o
                0x0000000008006eae                UsageFault_Handler
 .text.SVC_Handler
                0x0000000008006eb0        0x2 build/debug/stm32f3xx_it.o
                0x0000000008006eb0                SVC_Handler
 .text.DebugMon_Handler
                0x0000000008006eb2        0x2 build/debug/stm32f3xx_it.o
                0x0000000008006eb2                DebugMon_Handler
 .text.PendSV_Handler
                0x0000000008006eb4        0x2 build/debug/stm32f3xx_it.o
                0x0000000008006eb4                PendSV_Handler
 .text.SysTick_Handler
                0x0000000008006eb6        0x8 build/debug/stm32f3xx_it.o
                0x0000000008006eb6                SysTick_Handler
 *fill*         0x0000000008006ebe        0x2 
 .text.DMA1_Channel4_IRQHandler
                0x0000000008006ec0       0x10 build/debug/stm32f3xx_it.o
                0x0000000008006ec0                DMA1_Channel4_IRQHandler
 .text.USART1_IRQHandler
                0x0000000008006ed0       0x10 build/debug/stm32f3xx_it.o
                0x0000000008006ed0                USART1_IRQHandler
 .text._getpid  0x0000000008006ee0        0x4 build/debug/syscalls.o
                0x0000000008006ee0                _getpid
 .text._kill    0x0000000008006ee4       0x10 build/debug/syscalls.o
                0x0000000008006ee4                _kill
 .text._exit    0x0000000008006ef4        0xc build/debug/syscalls.o
                0x0000000008006ef4                _exit
 .text._read    0x0000000008006f00       0x20 build/debug/syscalls.o
                0x0000000008006f00                _read
 .text._write   0x0000000008006f20       0x1c build/debug/syscalls.o
                0x0000000008006f20                _write
 .text._close   0x0000000008006f3c        0x6 build/debug/syscalls.o
                0x0000000008006f3c                _close
 .text._fstat   0x0000000008006f42        0xa build/debug/syscalls.o
                0x0000000008006f42                _fstat
 .text._isatty  0x0000000008006f4c        0x4 build/debug/syscalls.o
                0x0000000008006f4c                _isatty
 .text._lseek   0x0000000008006f50        0x4 build/debug/syscalls.o
                0x0000000008006f50                _lseek
 .text._sbrk    0x0000000008006f54       0x48 build/debug/sysmem.o
                0x0000000008006f54                _sbrk
 .text.SystemInit
                0x0000000008006f9c       0x14 build/debug/system_stm32f3xx.o
                0x0000000008006f9c                SystemInit
 .text.MX_TIM2_Init
                0x0000000008006fb0       0x70 build/debug/tim.o
                0x0000000008006fb0                MX_TIM2_Init
 .text.HAL_TIM_Base_MspInit
                0x0000000008007020       0x26 build/debug/tim.o
                0x0000000008007020                HAL_TIM_Base_MspInit
 *fill*         0x0000000008007046        0x2 
 .text.MX_USART1_UART_Init
                0x0000000008007048       0x38 build/debug/usart.o
                0x0000000008007048                MX_USART1_UART_Init
 .text.HAL_UART_MspInit
                0x0000000008007080       0xac build/debug/usart.o
                0x0000000008007080                HAL_UART_MspInit
 .text.Reset_Handler
                0x000000000800712c       0x50 build/debug/startup_stm32f303xc.o
                0x000000000800712c                Reset_Handler
 .text.Default_Handler
                0x000000000800717c        0x2 build/debug/startup_stm32f303xc.o
                0x000000000800717c                RTC_Alarm_IRQHandler
                0x000000000800717c                TIM8_TRG_COM_IRQHandler
                0x000000000800717c                TIM8_CC_IRQHandler
                0x000000000800717c                TIM1_CC_IRQHandler
                0x000000000800717c                USB_HP_IRQHandler
                0x000000000800717c                PVD_IRQHandler
                0x000000000800717c                TAMP_STAMP_IRQHandler
                0x000000000800717c                EXTI3_IRQHandler
                0x000000000800717c                USB_HP_CAN_TX_IRQHandler
                0x000000000800717c                EXTI0_IRQHandler
                0x000000000800717c                I2C2_EV_IRQHandler
                0x000000000800717c                FPU_IRQHandler
                0x000000000800717c                TIM1_UP_TIM16_IRQHandler
                0x000000000800717c                ADC1_2_IRQHandler
                0x000000000800717c                SPI1_IRQHandler
                0x000000000800717c                CAN_SCE_IRQHandler
                0x000000000800717c                TIM6_DAC_IRQHandler
                0x000000000800717c                TIM8_UP_IRQHandler
                0x000000000800717c                DMA2_Channel2_IRQHandler
                0x000000000800717c                USART3_IRQHandler
                0x000000000800717c                DMA1_Channel7_IRQHandler
                0x000000000800717c                UART5_IRQHandler
                0x000000000800717c                ADC3_IRQHandler
                0x000000000800717c                TIM4_IRQHandler
                0x000000000800717c                CAN_RX1_IRQHandler
                0x000000000800717c                DMA2_Channel1_IRQHandler
                0x000000000800717c                I2C1_EV_IRQHandler
                0x000000000800717c                DMA1_Channel6_IRQHandler
                0x000000000800717c                UART4_IRQHandler
                0x000000000800717c                DMA2_Channel4_IRQHandler
                0x000000000800717c                TIM3_IRQHandler
                0x000000000800717c                RCC_IRQHandler
                0x000000000800717c                DMA1_Channel1_IRQHandler
                0x000000000800717c                Default_Handler
                0x000000000800717c                USBWakeUp_RMP_IRQHandler
                0x000000000800717c                EXTI15_10_IRQHandler
                0x000000000800717c                TIM7_IRQHandler
                0x000000000800717c                EXTI9_5_IRQHandler
                0x000000000800717c                RTC_WKUP_IRQHandler
                0x000000000800717c                SPI2_IRQHandler
                0x000000000800717c                USB_LP_CAN_RX0_IRQHandler
                0x000000000800717c                DMA2_Channel5_IRQHandler
                0x000000000800717c                DMA1_Channel5_IRQHandler
                0x000000000800717c                USB_LP_IRQHandler
                0x000000000800717c                EXTI4_IRQHandler
                0x000000000800717c                TIM1_TRG_COM_TIM17_IRQHandler
                0x000000000800717c                DMA1_Channel3_IRQHandler
                0x000000000800717c                ADC4_IRQHandler
                0x000000000800717c                WWDG_IRQHandler
                0x000000000800717c                TIM2_IRQHandler
                0x000000000800717c                COMP7_IRQHandler
                0x000000000800717c                COMP1_2_3_IRQHandler
                0x000000000800717c                EXTI1_IRQHandler
                0x000000000800717c                USART2_IRQHandler
                0x000000000800717c                COMP4_5_6_IRQHandler
                0x000000000800717c                I2C2_ER_IRQHandler
                0x000000000800717c                DMA1_Channel2_IRQHandler
                0x000000000800717c                TIM8_BRK_IRQHandler
                0x000000000800717c                FLASH_IRQHandler
                0x000000000800717c                SPI3_IRQHandler
                0x000000000800717c                I2C1_ER_IRQHandler
                0x000000000800717c                USBWakeUp_IRQHandler
                0x000000000800717c                DMA2_Channel3_IRQHandler
                0x000000000800717c                EXTI2_TSC_IRQHandler
                0x000000000800717c                TIM1_BRK_TIM15_IRQHandler
 *(.glue_7)
 .glue_7        0x000000000800717e        0x0 linker stubs
 *(.glue_7t)
 .glue_7t       0x000000000800717e        0x0 linker stubs
 *(.eh_frame)
 *fill*         0x000000000800717e        0x2 
 .eh_frame      0x0000000008007180        0x0 /usr/lib/gcc/arm-none-eabi/10.3.1/thumb/v7e-m+fp/hard/crtbegin.o
 *(.init)
 .init          0x0000000008007180        0x4 /usr/lib/gcc/arm-none-eabi/10.3.1/thumb/v7e-m+fp/hard/crti.o
                0x0000000008007180                _init
 .init          0x0000000008007184        0x8 /usr/lib/gcc/arm-none-eabi/10.3.1/thumb/v7e-m+fp/hard/crtn.o
 *(.fini)
 .fini          0x000000000800718c        0x4 /usr/lib/gcc/arm-none-eabi/10.3.1/thumb/v7e-m+fp/hard/crti.o
                0x000000000800718c                _fini
 .fini          0x0000000008007190        0x8 /usr/lib/gcc/arm-none-eabi/10.3.1/thumb/v7e-m+fp/hard/crtn.o
                0x0000000008007198                . = ALIGN (0x4)
                0x0000000008007198                _etext = .

.vfp11_veneer   0x0000000008007198        0x0
 .vfp11_veneer  0x0000000008007198        0x0 linker stubs

.v4_bx          0x0000000008007198        0x0
 .v4_bx         0x0000000008007198        0x0 linker stubs

.iplt           0x0000000008007198        0x0
 .iplt          0x0000000008007198        0x0 /usr/lib/gcc/arm-none-eabi/10.3.1/thumb/v7e-m+fp/hard/crtbegin.o

.rodata         0x0000000008007198      0x214
                0x0000000008007198                . = ALIGN (0x4)
 *(.rodata)
 .rodata        0x0000000008007198        0x4 /usr/lib/gcc/arm-none-eabi/10.3.1/../../../arm-none-eabi/lib/thumb/v7e-m+fp/hard/libc_nano.a(lib_a-impure.o)
                0x0000000008007198                _global_impure_ptr
 .rodata        0x000000000800719c       0x60 /usr/lib/gcc/arm-none-eabi/10.3.1/../../../arm-none-eabi/lib/thumb/v7e-m+fp/hard/libc_nano.a(lib_a-findfp.o)
                0x000000000800719c                __sf_fake_stderr
                0x00000000080071bc                __sf_fake_stdout
                0x00000000080071dc                __sf_fake_stdin
 *(.rodata*)
 .rodata.dwt_xfer3000.str1.4
                0x00000000080071fc       0xda build/debug/deca_device.o
 *fill*         0x00000000080072d6        0x2 
 .rodata.__func__.1
                0x00000000080072d8        0xd build/debug/deca_device.o
 *fill*         0x00000000080072e5        0x3 
 .rodata.sts_length_factors
                0x00000000080072e8        0xe build/debug/deca_device.o
                0x00000000080072e8                sts_length_factors
 *fill*         0x00000000080072f6        0x2 
 .rodata.aPLLMULFactorTable
                0x00000000080072f8       0x10 build/debug/stm32f3xx_hal_rcc.o
 .rodata.aPredivFactorTable
                0x0000000008007308       0x10 build/debug/stm32f3xx_hal_rcc.o
 .rodata.AHBPrescTable
                0x0000000008007318       0x10 build/debug/system_stm32f3xx.o
                0x0000000008007318                AHBPrescTable
 .rodata.APBPrescTable
                0x0000000008007328        0x8 build/debug/system_stm32f3xx.o
                0x0000000008007328                APBPrescTable
 .rodata.str1.4
                0x0000000008007330       0x3f /usr/lib/gcc/arm-none-eabi/10.3.1/../../../arm-none-eabi/lib/thumb/v7e-m+fp/hard/libc_nano.a(lib_a-assert.o)
                                         0x43 (size before relaxing)
 *fill*         0x000000000800736f        0x1 
 .rodata.str1.4
                0x0000000008007370       0x13 /usr/lib/gcc/arm-none-eabi/10.3.1/../../../arm-none-eabi/lib/thumb/v7e-m+fp/hard/libc_nano.a(lib_a-nano-vfprintf.o)
 *fill*         0x0000000008007383        0x1 
 .rodata.str1.4
                0x0000000008007384       0x25 /usr/lib/gcc/arm-none-eabi/10.3.1/../../../arm-none-eabi/lib/thumb/v7e-m+fp/hard/libc_nano.a(lib_a-nano-vfprintf_i.o)
                0x00000000080073ac                . = ALIGN (0x4)
 *fill*         0x00000000080073a9        0x3 

.ARM.extab      0x00000000080073ac        0x0
                0x00000000080073ac                . = ALIGN (0x4)
 *(.ARM.extab* .gnu.linkonce.armextab.*)
                0x00000000080073ac                . = ALIGN (0x4)

.ARM            0x00000000080073ac        0x0
                0x00000000080073ac                . = ALIGN (0x4)
                0x00000000080073ac                __exidx_start = .
 *(.ARM.exidx*)
                0x00000000080073ac                __exidx_end = .
                0x00000000080073ac                . = ALIGN (0x4)

.preinit_array  0x00000000080073ac        0x0
                0x00000000080073ac                . = ALIGN (0x4)
                0x00000000080073ac                PROVIDE (__preinit_array_start = .)
 *(.preinit_array*)
                0x00000000080073ac                PROVIDE (__preinit_array_end = .)
                0x00000000080073ac                . = ALIGN (0x4)

.init_array     0x00000000080073ac        0x4
                0x00000000080073ac                . = ALIGN (0x4)
                0x00000000080073ac                PROVIDE (__init_array_start = .)
 *(SORT_BY_NAME(.init_array.*))
 *(.init_array*)
 .init_array    0x00000000080073ac        0x4 /usr/lib/gcc/arm-none-eabi/10.3.1/thumb/v7e-m+fp/hard/crtbegin.o
                0x00000000080073b0                PROVIDE (__init_array_end = .)
                0x00000000080073b0                . = ALIGN (0x4)

.fini_array     0x00000000080073b0        0x4
                0x00000000080073b0                . = ALIGN (0x4)
                0x00000000080073b0                PROVIDE (__fini_array_start = .)
 *(SORT_BY_NAME(.fini_array.*))
 *(.fini_array*)
 .fini_array    0x00000000080073b0        0x4 /usr/lib/gcc/arm-none-eabi/10.3.1/thumb/v7e-m+fp/hard/crtbegin.o
                0x00000000080073b4                PROVIDE (__fini_array_end = .)
                0x00000000080073b4                . = ALIGN (0x4)
                0x00000000080073b4                _sidata = LOADADDR (.data)

.rel.dyn        0x00000000080073b4        0x0
 .rel.iplt      0x00000000080073b4        0x0 /usr/lib/gcc/arm-none-eabi/10.3.1/thumb/v7e-m+fp/hard/crtbegin.o

.data           0x0000000020000000      0x104 load address 0x00000000080073b4
                0x0000000020000000                . = ALIGN (0x4)
                0x0000000020000000                _sdata = .
 *(.data)
 .data          0x0000000020000000       0x64 /usr/lib/gcc/arm-none-eabi/10.3.1/../../../arm-none-eabi/lib/thumb/v7e-m+fp/hard/libc_nano.a(lib_a-impure.o)
                0x0000000020000000                _impure_ptr
 *(.data*)
 .data.config_options
                0x0000000020000064       0x10 build/debug/config_options.o
                0x0000000020000064                config_options
 .data.txconfig_options
                0x0000000020000074        0xc build/debug/config_options.o
                0x0000000020000074                txconfig_options
 .data.txconfig_options_ch9
                0x0000000020000080        0xc build/debug/config_options.o
                0x0000000020000080                txconfig_options_ch9
 .data.pdw3000local
                0x000000002000008c        0x4 build/debug/deca_device.o
 .data.cp_iv    0x0000000020000090       0x10 build/debug/ds_twr_responder_sts.o
 .data.cp_key   0x00000000200000a0       0x10 build/debug/ds_twr_responder_sts.o
 .data.rx_final_msg
                0x00000000200000b0       0x30 build/debug/ds_twr_responder_sts.o
 .data.rx_poll_msg
                0x00000000200000e0        0xc build/debug/ds_twr_responder_sts.o
 .data.tx_resp_msg
                0x00000000200000ec        0xc build/debug/ds_twr_responder_sts.o
 .data.uart_tx_ready
                0x00000000200000f8        0x1 build/debug/main.o
                0x00000000200000f8                uart_tx_ready
 .data.uwTickFreq
                0x00000000200000f9        0x1 build/debug/stm32f3xx_hal.o
                0x00000000200000f9                uwTickFreq
 *fill*         0x00000000200000fa        0x2 
 .data.uwTickPrio
                0x00000000200000fc        0x4 build/debug/stm32f3xx_hal.o
                0x00000000200000fc                uwTickPrio
 .data.SystemCoreClock
                0x0000000020000100        0x4 build/debug/system_stm32f3xx.o
                0x0000000020000100                SystemCoreClock
 *(.RamFunc)
 *(.RamFunc*)
                0x0000000020000104                . = ALIGN (0x4)
                0x0000000020000104                _edata = .
                0x00000000080074b8                _siccmram = LOADADDR (.ccmram)

.tm_clone_table
                0x0000000020000104        0x0 load address 0x00000000080074b8
 .tm_clone_table
                0x0000000020000104        0x0 /usr/lib/gcc/arm-none-eabi/10.3.1/thumb/v7e-m+fp/hard/crtbegin.o
 .tm_clone_table
                0x0000000020000104        0x0 /usr/lib/gcc/arm-none-eabi/10.3.1/thumb/v7e-m+fp/hard/crtend.o

.igot.plt       0x0000000020000104        0x0 load address 0x00000000080074b8
 .igot.plt      0x0000000020000104        0x0 /usr/lib/gcc/arm-none-eabi/10.3.1/thumb/v7e-m+fp/hard/crtbegin.o

.ccmram         0x0000000010000000        0x0 load address 0x00000000080074b8
                0x0000000010000000                . = ALIGN (0x4)
                0x0000000010000000                _sccmram = .
 *(.ccmram)
 *(.ccmram*)
                0x0000000010000000                . = ALIGN (0x4)
                0x0000000010000000                _eccmram = .
                0x0000000010000000                . = ALIGN (0x4)

.bss            0x0000000020000108      0x3c4
                0x0000000020000108                _sbss = .
                0x0000000020000108                __bss_start__ = _sbss
 *(.bss)
 .bss           0x0000000020000108       0x1c /usr/lib/gcc/arm-none-eabi/10.3.1/thumb/v7e-m+fp/hard/crtbegin.o
 .bss           0x0000000020000124        0x8 /usr/lib/gcc/arm-none-eabi/10.3.1/../../../arm-none-eabi/lib/thumb/v7e-m+fp/hard/libc_nano.a(lib_a-nano-mallocr.o)
                0x0000000020000124                __malloc_free_list
                0x0000000020000128                __malloc_sbrk_start
 .bss           0x000000002000012c        0x4 /usr/lib/gcc/arm-none-eabi/10.3.1/../../../arm-none-eabi/lib/thumb/v7e-m+fp/hard/libc_nano.a(lib_a-reent.o)
                0x000000002000012c                errno
 *(.bss*)
 .bss.DW3000local
                0x0000000020000130       0x40 build/debug/deca_device.o
 .bss.crcTable  0x0000000020000170      0x100 build/debug/deca_device.o
 .bss.errors    0x0000000020000270       0x5c build/debug/ds_twr_responder_sts.o
 .bss.frame_seq_nb
                0x00000000200002cc        0x1 build/debug/ds_twr_responder_sts.o
 *fill*         0x00000000200002cd        0x3 
 .bss.poll_rx_ts
                0x00000000200002d0        0x8 build/debug/ds_twr_responder_sts.o
 .bss.resp_tx_ts
                0x00000000200002d8        0x8 build/debug/ds_twr_responder_sts.o
 .bss.rx_buffer
                0x00000000200002e0       0x40 build/debug/ds_twr_responder_sts.o
 .bss.status_reg
                0x0000000020000320        0x4 build/debug/ds_twr_responder_sts.o
 .bss.example_pointer
                0x0000000020000324        0x4 build/debug/example_info.o
                0x0000000020000324                example_pointer
 .bss.uart_tx_packet
                0x0000000020000328       0x1d build/debug/main.o
 *fill*         0x0000000020000345        0x3 
 .bss.hspi1     0x0000000020000348       0x64 build/debug/spi.o
                0x0000000020000348                hspi1
 .bss.uwTick    0x00000000200003ac        0x4 build/debug/stm32f3xx_hal.o
                0x00000000200003ac                uwTick
 .bss.__sbrk_heap_end
                0x00000000200003b0        0x4 build/debug/sysmem.o
 .bss.htim2     0x00000000200003b4       0x4c build/debug/tim.o
                0x00000000200003b4                htim2
 .bss.hdma_usart1_tx
                0x0000000020000400       0x44 build/debug/usart.o
                0x0000000020000400                hdma_usart1_tx
 .bss.huart1    0x0000000020000444       0x88 build/debug/usart.o
                0x0000000020000444                huart1
 *(COMMON)
                0x00000000200004cc                . = ALIGN (0x4)
                0x00000000200004cc                _ebss = .
                0x00000000200004cc                __bss_end__ = _ebss

._user_heap_stack
                0x00000000200004cc      0x604
                0x00000000200004d0                . = ALIGN (0x8)
 *fill*         0x00000000200004cc        0x4 
                [!provide]                        PROVIDE (end = .)
                0x00000000200004d0                PROVIDE (_end = .)
                0x00000000200006d0                . = (. + _Min_Heap_Size)
 *fill*         0x00000000200004d0      0x200 
                0x0000000020000ad0                . = (. + _Min_Stack_Size)
 *fill*         0x00000000200006d0      0x400 
                0x0000000020000ad0                . = ALIGN (0x8)

/DISCARD/
 libc.a(*)
 libm.a(*)
 libgcc.a(*)
OUTPUT(build/debug/DW_resp4.elf elf32-littlearm)
LOAD linker stubs
LOAD /usr/lib/gcc/arm-none-eabi/10.3.1/../../../arm-none-eabi/lib/thumb/v7e-m+fp/hard/libc.a
LOAD /usr/lib/gcc/arm-none-eabi/10.3.1/../../../arm-none-eabi/lib/thumb/v7e-m+fp/hard/libm.a
LOAD /usr/lib/gcc/arm-none-eabi/10.3.1/thumb/v7e-m+fp/hard/libgcc.a

.ARM.attributes
                0x0000000000000000       0x30
 .ARM.attributes
                0x0000000000000000       0x1e /usr/lib/gcc/arm-none-eabi/10.3.1/thumb/v7e-m+fp/hard/crti.o
 .ARM.attributes
                0x000000000000001e       0x34 /usr/lib/gcc/arm-none-eabi/10.3.1/thumb/v7e-m+fp/hard/crtbegin.o
 .ARM.attributes
                0x0000000000000052       0x39 build/debug/config_options.o
 .ARM.attributes
                0x000000000000008b       0x34 build/debug/deca_device.o
 .ARM.attributes
                0x00000000000000bf       0x34 build/debug/deca_mutex.o
 .ARM.attributes
                0x00000000000000f3       0x34 build/debug/deca_sleep.o
 .ARM.attributes
                0x0000000000000127       0x34 build/debug/deca_spi.o
 .ARM.attributes
                0x000000000000015b       0x34 build/debug/dma.o
 .ARM.attributes
                0x000000000000018f       0x34 build/debug/ds_twr_responder_sts.o
 .ARM.attributes
                0x00000000000001c3       0x34 build/debug/example_info.o
 .ARM.attributes
                0x00000000000001f7       0x34 build/debug/gpio.o
 .ARM.attributes
                0x000000000000022b       0x34 build/debug/main.o
 .ARM.attributes
                0x000000000000025f       0x34 build/debug/port.o
 .ARM.attributes
                0x0000000000000293       0x34 build/debug/shared_functions.o
 .ARM.attributes
                0x00000000000002c7       0x34 build/debug/spi.o
 .ARM.attributes
                0x00000000000002fb       0x34 build/debug/stm32f3xx_hal.o
 .ARM.attributes
                0x000000000000032f       0x34 build/debug/stm32f3xx_hal_cortex.o
 .ARM.attributes
                0x0000000000000363       0x34 build/debug/stm32f3xx_hal_dma.o
 .ARM.attributes
                0x0000000000000397       0x34 build/debug/stm32f3xx_hal_gpio.o
 .ARM.attributes
                0x00000000000003cb       0x34 build/debug/stm32f3xx_hal_msp.o
 .ARM.attributes
                0x00000000000003ff       0x34 build/debug/stm32f3xx_hal_rcc.o
 .ARM.attributes
                0x0000000000000433       0x34 build/debug/stm32f3xx_hal_rcc_ex.o
 .ARM.attributes
                0x0000000000000467       0x34 build/debug/stm32f3xx_hal_spi.o
 .ARM.attributes
                0x000000000000049b       0x34 build/debug/stm32f3xx_hal_tim.o
 .ARM.attributes
                0x00000000000004cf       0x34 build/debug/stm32f3xx_hal_tim_ex.o
 .ARM.attributes
                0x0000000000000503       0x34 build/debug/stm32f3xx_hal_uart.o
 .ARM.attributes
                0x0000000000000537       0x34 build/debug/stm32f3xx_hal_uart_ex.o
 .ARM.attributes
                0x000000000000056b       0x34 build/debug/stm32f3xx_it.o
 .ARM.attributes
                0x000000000000059f       0x34 build/debug/syscalls.o
 .ARM.attributes
                0x00000000000005d3       0x34 build/debug/sysmem.o
 .ARM.attributes
                0x0000000000000607       0x34 build/debug/system_stm32f3xx.o
 .ARM.attributes
                0x000000000000063b       0x34 build/debug/tim.o
 .ARM.attributes
                0x000000000000066f       0x34 build/debug/usart.o
 .ARM.attributes
                0x00000000000006a3       0x21 build/debug/startup_stm32f303xc.o
 .ARM.attributes
                0x00000000000006c4       0x34 /usr/lib/gcc/arm-none-eabi/10.3.1/../../../arm-none-eabi/lib/thumb/v7e-m+fp/hard/libc_nano.a(lib_a-assert.o)
 .ARM.attributes
                0x00000000000006f8       0x34 /usr/lib/gcc/arm-none-eabi/10.3.1/../../../arm-none-eabi/lib/thumb/v7e-m+fp/hard/libc_nano.a(lib_a-errno.o)
 .ARM.attributes
                0x000000000000072c       0x34 /usr/lib/gcc/arm-none-eabi/10.3.1/../../../arm-none-eabi/lib/thumb/v7e-m+fp/hard/libc_nano.a(lib_a-fprintf.o)
 .ARM.attributes
                0x0000000000000760       0x32 /usr/lib/gcc/arm-none-eabi/10.3.1/../../../arm-none-eabi/lib/thumb/v7e-m+fp/hard/libc_nano.a(lib_a-impure.o)
 .ARM.attributes
                0x0000000000000792       0x34 /usr/lib/gcc/arm-none-eabi/10.3.1/../../../arm-none-eabi/lib/thumb/v7e-m+fp/hard/libc_nano.a(lib_a-init.o)
 .ARM.attributes
                0x00000000000007c6       0x34 /usr/lib/gcc/arm-none-eabi/10.3.1/../../../arm-none-eabi/lib/thumb/v7e-m+fp/hard/libc_nano.a(lib_a-memcmp.o)
 .ARM.attributes
                0x00000000000007fa       0x34 /usr/lib/gcc/arm-none-eabi/10.3.1/../../../arm-none-eabi/lib/thumb/v7e-m+fp/hard/libc_nano.a(lib_a-memset.o)
 .ARM.attributes
                0x000000000000082e       0x34 /usr/lib/gcc/arm-none-eabi/10.3.1/../../../arm-none-eabi/lib/thumb/v7e-m+fp/hard/libc_nano.a(lib_a-nano-vfprintf.o)
 .ARM.attributes
                0x0000000000000862       0x34 /usr/lib/gcc/arm-none-eabi/10.3.1/../../../arm-none-eabi/lib/thumb/v7e-m+fp/hard/libc_nano.a(lib_a-nano-vfprintf_i.o)
 .ARM.attributes
                0x0000000000000896       0x34 /usr/lib/gcc/arm-none-eabi/10.3.1/../../../arm-none-eabi/lib/thumb/v7e-m+fp/hard/libc_nano.a(lib_a-wbuf.o)
 .ARM.attributes
                0x00000000000008ca       0x34 /usr/lib/gcc/arm-none-eabi/10.3.1/../../../arm-none-eabi/lib/thumb/v7e-m+fp/hard/libc_nano.a(lib_a-wsetup.o)
 .ARM.attributes
                0x00000000000008fe       0x34 /usr/lib/gcc/arm-none-eabi/10.3.1/../../../arm-none-eabi/lib/thumb/v7e-m+fp/hard/libc_nano.a(lib_a-abort.o)
 .ARM.attributes
                0x0000000000000932       0x34 /usr/lib/gcc/arm-none-eabi/10.3.1/../../../arm-none-eabi/lib/thumb/v7e-m+fp/hard/libc_nano.a(lib_a-fflush.o)
 .ARM.attributes
                0x0000000000000966       0x34 /usr/lib/gcc/arm-none-eabi/10.3.1/../../../arm-none-eabi/lib/thumb/v7e-m+fp/hard/libc_nano.a(lib_a-findfp.o)
 .ARM.attributes
                0x000000000000099a       0x34 /usr/lib/gcc/arm-none-eabi/10.3.1/../../../arm-none-eabi/lib/thumb/v7e-m+fp/hard/libc_nano.a(lib_a-fvwrite.o)
 .ARM.attributes
                0x00000000000009ce       0x34 /usr/lib/gcc/arm-none-eabi/10.3.1/../../../arm-none-eabi/lib/thumb/v7e-m+fp/hard/libc_nano.a(lib_a-fwalk.o)
 .ARM.attributes
                0x0000000000000a02       0x34 /usr/lib/gcc/arm-none-eabi/10.3.1/../../../arm-none-eabi/lib/thumb/v7e-m+fp/hard/libc_nano.a(lib_a-makebuf.o)
 .ARM.attributes
                0x0000000000000a36       0x1c /usr/lib/gcc/arm-none-eabi/10.3.1/../../../arm-none-eabi/lib/thumb/v7e-m+fp/hard/libc_nano.a(lib_a-memchr.o)
 .ARM.attributes
                0x0000000000000a52       0x1c /usr/lib/gcc/arm-none-eabi/10.3.1/../../../arm-none-eabi/lib/thumb/v7e-m+fp/hard/libc_nano.a(lib_a-memcpy.o)
 .ARM.attributes
                0x0000000000000a6e       0x34 /usr/lib/gcc/arm-none-eabi/10.3.1/../../../arm-none-eabi/lib/thumb/v7e-m+fp/hard/libc_nano.a(lib_a-memmove.o)
 .ARM.attributes
                0x0000000000000aa2       0x34 /usr/lib/gcc/arm-none-eabi/10.3.1/../../../arm-none-eabi/lib/thumb/v7e-m+fp/hard/libc_nano.a(lib_a-nano-freer.o)
 .ARM.attributes
                0x0000000000000ad6       0x34 /usr/lib/gcc/arm-none-eabi/10.3.1/../../../arm-none-eabi/lib/thumb/v7e-m+fp/hard/libc_nano.a(lib_a-nano-mallocr.o)
 .ARM.attributes
                0x0000000000000b0a       0x34 /usr/lib/gcc/arm-none-eabi/10.3.1/../../../arm-none-eabi/lib/thumb/v7e-m+fp/hard/libc_nano.a(lib_a-nano-reallocr.o)
 .ARM.attributes
                0x0000000000000b3e       0x34 /usr/lib/gcc/arm-none-eabi/10.3.1/../../../arm-none-eabi/lib/thumb/v7e-m+fp/hard/libc_nano.a(lib_a-sbrkr.o)
 .ARM.attributes
                0x0000000000000b72       0x34 /usr/lib/gcc/arm-none-eabi/10.3.1/../../../arm-none-eabi/lib/thumb/v7e-m+fp/hard/libc_nano.a(lib_a-signal.o)
 .ARM.attributes
                0x0000000000000ba6       0x34 /usr/lib/gcc/arm-none-eabi/10.3.1/../../../arm-none-eabi/lib/thumb/v7e-m+fp/hard/libc_nano.a(lib_a-signalr.o)
 .ARM.attributes
                0x0000000000000bda       0x34 /usr/lib/gcc/arm-none-eabi/10.3.1/../../../arm-none-eabi/lib/thumb/v7e-m+fp/hard/libc_nano.a(lib_a-stdio.o)
 .ARM.attributes
                0x0000000000000c0e       0x34 /usr/lib/gcc/arm-none-eabi/10.3.1/../../../arm-none-eabi/lib/thumb/v7e-m+fp/hard/libc_nano.a(lib_a-writer.o)
 .ARM.attributes
                0x0000000000000c42       0x34 /usr/lib/gcc/arm-none-eabi/10.3.1/../../../arm-none-eabi/lib/thumb/v7e-m+fp/hard/libc_nano.a(lib_a-closer.o)
 .ARM.attributes
                0x0000000000000c76       0x34 /usr/lib/gcc/arm-none-eabi/10.3.1/../../../arm-none-eabi/lib/thumb/v7e-m+fp/hard/libc_nano.a(lib_a-fstatr.o)
 .ARM.attributes
                0x0000000000000caa       0x34 /usr/lib/gcc/arm-none-eabi/10.3.1/../../../arm-none-eabi/lib/thumb/v7e-m+fp/hard/libc_nano.a(lib_a-isattyr.o)
 .ARM.attributes
                0x0000000000000cde       0x34 /usr/lib/gcc/arm-none-eabi/10.3.1/../../../arm-none-eabi/lib/thumb/v7e-m+fp/hard/libc_nano.a(lib_a-lseekr.o)
 .ARM.attributes
                0x0000000000000d12       0x34 /usr/lib/gcc/arm-none-eabi/10.3.1/../../../arm-none-eabi/lib/thumb/v7e-m+fp/hard/libc_nano.a(lib_a-mlock.o)
 .ARM.attributes
                0x0000000000000d46       0x34 /usr/lib/gcc/arm-none-eabi/10.3.1/../../../arm-none-eabi/lib/thumb/v7e-m+fp/hard/libc_nano.a(lib_a-nano-msizer.o)
 .ARM.attributes
                0x0000000000000d7a       0x34 /usr/lib/gcc/arm-none-eabi/10.3.1/../../../arm-none-eabi/lib/thumb/v7e-m+fp/hard/libc_nano.a(lib_a-readr.o)
 .ARM.attributes
                0x0000000000000dae       0x34 /usr/lib/gcc/arm-none-eabi/10.3.1/../../../arm-none-eabi/lib/thumb/v7e-m+fp/hard/libc_nano.a(lib_a-reent.o)
 .ARM.attributes
                0x0000000000000de2       0x1e /usr/lib/gcc/arm-none-eabi/10.3.1/thumb/v7e-m+fp/hard/libgcc.a(_arm_addsubdf3.o)
 .ARM.attributes
                0x0000000000000e00       0x1e /usr/lib/gcc/arm-none-eabi/10.3.1/thumb/v7e-m+fp/hard/libgcc.a(_arm_muldivdf3.o)
 .ARM.attributes
                0x0000000000000e1e       0x1e /usr/lib/gcc/arm-none-eabi/10.3.1/thumb/v7e-m+fp/hard/libgcc.a(_arm_truncdfsf2.o)
 .ARM.attributes
                0x0000000000000e3c       0x34 /usr/lib/gcc/arm-none-eabi/10.3.1/thumb/v7e-m+fp/hard/libgcc.a(_fixdfdi.o)
 .ARM.attributes
                0x0000000000000e70       0x34 /usr/lib/gcc/arm-none-eabi/10.3.1/thumb/v7e-m+fp/hard/libgcc.a(_fixunsdfdi.o)
 .ARM.attributes
                0x0000000000000ea4       0x1e /usr/lib/gcc/arm-none-eabi/10.3.1/thumb/v7e-m+fp/hard/libgcc.a(_arm_cmpdf2.o)
 .ARM.attributes
                0x0000000000000ec2       0x1e /usr/lib/gcc/arm-none-eabi/10.3.1/thumb/v7e-m+fp/hard/libgcc.a(_arm_fixunsdfsi.o)
 .ARM.attributes
                0x0000000000000ee0       0x32 /usr/lib/gcc/arm-none-eabi/10.3.1/thumb/v7e-m+fp/hard/crtend.o
 .ARM.attributes
                0x0000000000000f12       0x1e /usr/lib/gcc/arm-none-eabi/10.3.1/thumb/v7e-m+fp/hard/crtn.o

.comment        0x0000000000000000       0x33
 .comment       0x0000000000000000       0x33 /usr/lib/gcc/arm-none-eabi/10.3.1/thumb/v7e-m+fp/hard/crtbegin.o
                                         0x34 (size before relaxing)
 .comment       0x0000000000000033       0x34 build/debug/config_options.o
 .comment       0x0000000000000033       0x34 build/debug/deca_device.o
 .comment       0x0000000000000033       0x34 build/debug/deca_mutex.o
 .comment       0x0000000000000033       0x34 build/debug/deca_sleep.o
 .comment       0x0000000000000033       0x34 build/debug/deca_spi.o
 .comment       0x0000000000000033       0x34 build/debug/dma.o
 .comment       0x0000000000000033       0x34 build/debug/ds_twr_responder_sts.o
 .comment       0x0000000000000033       0x34 build/debug/example_info.o
 .comment       0x0000000000000033       0x34 build/debug/gpio.o
 .comment       0x0000000000000033       0x34 build/debug/main.o
 .comment       0x0000000000000033       0x34 build/debug/port.o
 .comment       0x0000000000000033       0x34 build/debug/shared_functions.o
 .comment       0x0000000000000033       0x34 build/debug/spi.o
 .comment       0x0000000000000033       0x34 build/debug/stm32f3xx_hal.o
 .comment       0x0000000000000033       0x34 build/debug/stm32f3xx_hal_cortex.o
 .comment       0x0000000000000033       0x34 build/debug/stm32f3xx_hal_dma.o
 .comment       0x0000000000000033       0x34 build/debug/stm32f3xx_hal_gpio.o
 .comment       0x0000000000000033       0x34 build/debug/stm32f3xx_hal_msp.o
 .comment       0x0000000000000033       0x34 build/debug/stm32f3xx_hal_rcc.o
 .comment       0x0000000000000033       0x34 build/debug/stm32f3xx_hal_rcc_ex.o
 .comment       0x0000000000000033       0x34 build/debug/stm32f3xx_hal_spi.o
 .comment       0x0000000000000033       0x34 build/debug/stm32f3xx_hal_tim.o
 .comment       0x0000000000000033       0x34 build/debug/stm32f3xx_hal_tim_ex.o
 .comment       0x0000000000000033       0x34 build/debug/stm32f3xx_hal_uart.o
 .comment       0x0000000000000033       0x34 build/debug/stm32f3xx_hal_uart_ex.o
 .comment       0x0000000000000033       0x34 build/debug/stm32f3xx_it.o
 .comment       0x0000000000000033       0x34 build/debug/syscalls.o
 .comment       0x0000000000000033       0x34 build/debug/sysmem.o
 .comment       0x0000000000000033       0x34 build/debug/system_stm32f3xx.o
 .comment       0x0000000000000033       0x34 build/debug/tim.o
 .comment       0x0000000000000033       0x34 build/debug/usart.o
 .comment       0x0000000000000033       0x34 /usr/lib/gcc/arm-none-eabi/10.3.1/../../../arm-none-eabi/lib/thumb/v7e-m+fp/hard/libc_nano.a(lib_a-assert.o)
 .comment       0x0000000000000033       0x34 /usr/lib/gcc/arm-none-eabi/10.3.1/../../../arm-none-eabi/lib/thumb/v7e-m+fp/hard/libc_nano.a(lib_a-errno.o)
 .comment       0x0000000000000033       0x34 /usr/lib/gcc/arm-none-eabi/10.3.1/../../../arm-none-eabi/lib/thumb/v7e-m+fp/hard/libc_nano.a(lib_a-fprintf.o)
 .comment       0x0000000000000033       0x34 /usr/lib/gcc/arm-none-eabi/10.3.1/../../../arm-none-eabi/lib/thumb/v7e-m+fp/hard/libc_nano.a(lib_a-impure.o)
 .comment       0x0000000000000033       0x34 /usr/lib/gcc/arm-none-eabi/10.3.1/../../../arm-none-eabi/lib/thumb/v7e-m+fp/hard/libc_nano.a(lib_a-init.o)
 .comment       0x0000000000000033       0x34 /usr/lib/gcc/arm-none-eabi/10.3.1/../../../arm-none-eabi/lib/thumb/v7e-m+fp/hard/libc_nano.a(lib_a-memcmp.o)
 .comment       0x0000000000000033       0x34 /usr/lib/gcc/arm-none-eabi/10.3.1/../../../arm-none-eabi/lib/thumb/v7e-m+fp/hard/libc_nano.a(lib_a-memset.o)
 .comment       0x0000000000000033       0x34 /usr/lib/gcc/arm-none-eabi/10.3.1/../../../arm-none-eabi/lib/thumb/v7e-m+fp/hard/libc_nano.a(lib_a-nano-vfprintf.o)
 .comment       0x0000000000000033       0x34 /usr/lib/gcc/arm-none-eabi/10.3.1/../../../arm-none-eabi/lib/thumb/v7e-m+fp/hard/libc_nano.a(lib_a-nano-vfprintf_i.o)
 .comment       0x0000000000000033       0x34 /usr/lib/gcc/arm-none-eabi/10.3.1/../../../arm-none-eabi/lib/thumb/v7e-m+fp/hard/libc_nano.a(lib_a-wbuf.o)
 .comment       0x0000000000000033       0x34 /usr/lib/gcc/arm-none-eabi/10.3.1/../../../arm-none-eabi/lib/thumb/v7e-m+fp/hard/libc_nano.a(lib_a-wsetup.o)
 .comment       0x0000000000000033       0x34 /usr/lib/gcc/arm-none-eabi/10.3.1/../../../arm-none-eabi/lib/thumb/v7e-m+fp/hard/libc_nano.a(lib_a-abort.o)
 .comment       0x0000000000000033       0x34 /usr/lib/gcc/arm-none-eabi/10.3.1/../../../arm-none-eabi/lib/thumb/v7e-m+fp/hard/libc_nano.a(lib_a-fflush.o)
 .comment       0x0000000000000033       0x34 /usr/lib/gcc/arm-none-eabi/10.3.1/../../../arm-none-eabi/lib/thumb/v7e-m+fp/hard/libc_nano.a(lib_a-findfp.o)
 .comment       0x0000000000000033       0x34 /usr/lib/gcc/arm-none-eabi/10.3.1/../../../arm-none-eabi/lib/thumb/v7e-m+fp/hard/libc_nano.a(lib_a-fvwrite.o)
 .comment       0x0000000000000033       0x34 /usr/lib/gcc/arm-none-eabi/10.3.1/../../../arm-none-eabi/lib/thumb/v7e-m+fp/hard/libc_nano.a(lib_a-fwalk.o)
 .comment       0x0000000000000033       0x34 /usr/lib/gcc/arm-none-eabi/10.3.1/../../../arm-none-eabi/lib/thumb/v7e-m+fp/hard/libc_nano.a(lib_a-makebuf.o)
 .comment       0x0000000000000033       0x34 /usr/lib/gcc/arm-none-eabi/10.3.1/../../../arm-none-eabi/lib/thumb/v7e-m+fp/hard/libc_nano.a(lib_a-memmove.o)
 .comment       0x0000000000000033       0x34 /usr/lib/gcc/arm-none-eabi/10.3.1/../../../arm-none-eabi/lib/thumb/v7e-m+fp/hard/libc_nano.a(lib_a-nano-freer.o)
 .comment       0x0000000000000033       0x34 /usr/lib/gcc/arm-none-eabi/10.3.1/../../../arm-none-eabi/lib/thumb/v7e-m+fp/hard/libc_nano.a(lib_a-nano-mallocr.o)
 .comment       0x0000000000000033       0x34 /usr/lib/gcc/arm-none-eabi/10.3.1/../../../arm-none-eabi/lib/thumb/v7e-m+fp/hard/libc_nano.a(lib_a-nano-reallocr.o)
 .comment       0x0000000000000033       0x34 /usr/lib/gcc/arm-none-eabi/10.3.1/../../../arm-none-eabi/lib/thumb/v7e-m+fp/hard/libc_nano.a(lib_a-sbrkr.o)
 .comment       0x0000000000000033       0x34 /usr/lib/gcc/arm-none-eabi/10.3.1/../../../arm-none-eabi/lib/thumb/v7e-m+fp/hard/libc_nano.a(lib_a-signal.o)
 .comment       0x0000000000000033       0x34 /usr/lib/gcc/arm-none-eabi/10.3.1/../../../arm-none-eabi/lib/thumb/v7e-m+fp/hard/libc_nano.a(lib_a-signalr.o)
 .comment       0x0000000000000033       0x34 /usr/lib/gcc/arm-none-eabi/10.3.1/../../../arm-none-eabi/lib/thumb/v7e-m+fp/hard/libc_nano.a(lib_a-stdio.o)
 .comment       0x0000000000000033       0x34 /usr/lib/gcc/arm-none-eabi/10.3.1/../../../arm-none-eabi/lib/thumb/v7e-m+fp/hard/libc_nano.a(lib_a-writer.o)
 .comment       0x0000000000000033       0x34 /usr/lib/gcc/arm-none-eabi/10.3.1/../../../arm-none-eabi/lib/thumb/v7e-m+fp/hard/libc_nano.a(lib_a-closer.o)
 .comment       0x0000000000000033       0x34 /usr/lib/gcc/arm-none-eabi/10.3.1/../../../arm-none-eabi/lib/thumb/v7e-m+fp/hard/libc_nano.a(lib_a-fstatr.o)
 .comment       0x0000000000000033       0x34 /usr/lib/gcc/arm-none-eabi/10.3.1/../../../arm-none-eabi/lib/thumb/v7e-m+fp/hard/libc_nano.a(lib_a-isattyr.o)
 .comment       0x0000000000000033       0x34 /usr/lib/gcc/arm-none-eabi/10.3.1/../../../arm-none-eabi/lib/thumb/v7e-m+fp/hard/libc_nano.a(lib_a-lseekr.o)
 .comment       0x0000000000000033       0x34 /usr/lib/gcc/arm-none-eabi/10.3.1/../../../arm-none-eabi/lib/thumb/v7e-m+fp/hard/libc_nano.a(lib_a-mlock.o)
 .comment       0x0000000000000033       0x34 /usr/lib/gcc/arm-none-eabi/10.3.1/../../../arm-none-eabi/lib/thumb/v7e-m+fp/hard/libc_nano.a(lib_a-nano-msizer.o)
 .comment       0x0000000000000033       0x34 /usr/lib/gcc/arm-none-eabi/10.3.1/../../../arm-none-eabi/lib/thumb/v7e-m+fp/hard/libc_nano.a(lib_a-readr.o)
 .comment       0x0000000000000033       0x34 /usr/lib/gcc/arm-none-eabi/10.3.1/../../../arm-none-eabi/lib/thumb/v7e-m+fp/hard/libc_nano.a(lib_a-reent.o)
 .comment       0x0000000000000033       0x34 /usr/lib/gcc/arm-none-eabi/10.3.1/thumb/v7e-m+fp/hard/libgcc.a(_fixdfdi.o)
 .comment       0x0000000000000033       0x34 /usr/lib/gcc/arm-none-eabi/10.3.1/thumb/v7e-m+fp/hard/libgcc.a(_fixunsdfdi.o)
 .comment       0x0000000000000033       0x34 /usr/lib/gcc/arm-none-eabi/10.3.1/thumb/v7e-m+fp/hard/crtend.o

.debug_info     0x0000000000000000    0x334d5
 .debug_info    0x0000000000000000      0x24e build/debug/config_options.o
 .debug_info    0x000000000000024e     0x67db build/debug/deca_device.o
 .debug_info    0x0000000000006a29      0x11c build/debug/deca_mutex.o
 .debug_info    0x0000000000006b45      0x10a build/debug/deca_sleep.o
 .debug_info    0x0000000000006c4f      0xb67 build/debug/deca_spi.o
 .debug_info    0x00000000000077b6      0x39c build/debug/dma.o
 .debug_info    0x0000000000007b52      0xca4 build/debug/ds_twr_responder_sts.o
 .debug_info    0x00000000000087f6       0xc9 build/debug/example_info.o
 .debug_info    0x00000000000088bf      0x391 build/debug/gpio.o
 .debug_info    0x0000000000008c50      0xf7b build/debug/main.o
 .debug_info    0x0000000000009bcb      0xf55 build/debug/port.o
 .debug_info    0x000000000000ab20      0x64b build/debug/shared_functions.o
 .debug_info    0x000000000000b16b      0x8dc build/debug/spi.o
 .debug_info    0x000000000000ba47      0x86f build/debug/stm32f3xx_hal.o
 .debug_info    0x000000000000c2b6     0x1003 build/debug/stm32f3xx_hal_cortex.o
 .debug_info    0x000000000000d2b9      0x873 build/debug/stm32f3xx_hal_dma.o
 .debug_info    0x000000000000db2c      0x6a8 build/debug/stm32f3xx_hal_gpio.o
 .debug_info    0x000000000000e1d4      0x19a build/debug/stm32f3xx_hal_msp.o
 .debug_info    0x000000000000e36e     0x1551 build/debug/stm32f3xx_hal_rcc.o
 .debug_info    0x000000000000f8bf      0x712 build/debug/stm32f3xx_hal_rcc_ex.o
 .debug_info    0x000000000000ffd1     0x216f build/debug/stm32f3xx_hal_spi.o
 .debug_info    0x0000000000012140     0x3ede build/debug/stm32f3xx_hal_tim.o
 .debug_info    0x000000000001601e     0x1b93 build/debug/stm32f3xx_hal_tim_ex.o
 .debug_info    0x0000000000017bb1     0x50a0 build/debug/stm32f3xx_hal_uart.o
 .debug_info    0x000000000001cc51      0xe9b build/debug/stm32f3xx_hal_uart_ex.o
 .debug_info    0x000000000001daec      0x764 build/debug/stm32f3xx_it.o
 .debug_info    0x000000000001e250      0x7af build/debug/syscalls.o
 .debug_info    0x000000000001e9ff      0x15c build/debug/sysmem.o
 .debug_info    0x000000000001eb5b      0x40e build/debug/system_stm32f3xx.o
 .debug_info    0x000000000001ef69      0x915 build/debug/tim.o
 .debug_info    0x000000000001f87e      0xc28 build/debug/usart.o
 .debug_info    0x00000000000204a6       0x22 build/debug/startup_stm32f303xc.o
 .debug_info    0x00000000000204c8      0x8bd /usr/lib/gcc/arm-none-eabi/10.3.1/../../../arm-none-eabi/lib/thumb/v7e-m+fp/hard/libc_nano.a(lib_a-assert.o)
 .debug_info    0x0000000000020d85      0x7ae /usr/lib/gcc/arm-none-eabi/10.3.1/../../../arm-none-eabi/lib/thumb/v7e-m+fp/hard/libc_nano.a(lib_a-errno.o)
 .debug_info    0x0000000000021533      0x902 /usr/lib/gcc/arm-none-eabi/10.3.1/../../../arm-none-eabi/lib/thumb/v7e-m+fp/hard/libc_nano.a(lib_a-fprintf.o)
 .debug_info    0x0000000000021e35      0x863 /usr/lib/gcc/arm-none-eabi/10.3.1/../../../arm-none-eabi/lib/thumb/v7e-m+fp/hard/libc_nano.a(lib_a-impure.o)
 .debug_info    0x0000000000022698      0x11a /usr/lib/gcc/arm-none-eabi/10.3.1/../../../arm-none-eabi/lib/thumb/v7e-m+fp/hard/libc_nano.a(lib_a-init.o)
 .debug_info    0x00000000000227b2      0x138 /usr/lib/gcc/arm-none-eabi/10.3.1/../../../arm-none-eabi/lib/thumb/v7e-m+fp/hard/libc_nano.a(lib_a-memcmp.o)
 .debug_info    0x00000000000228ea      0x137 /usr/lib/gcc/arm-none-eabi/10.3.1/../../../arm-none-eabi/lib/thumb/v7e-m+fp/hard/libc_nano.a(lib_a-memset.o)
 .debug_info    0x0000000000022a21     0x115f /usr/lib/gcc/arm-none-eabi/10.3.1/../../../arm-none-eabi/lib/thumb/v7e-m+fp/hard/libc_nano.a(lib_a-nano-vfprintf.o)
 .debug_info    0x0000000000023b80      0xe9e /usr/lib/gcc/arm-none-eabi/10.3.1/../../../arm-none-eabi/lib/thumb/v7e-m+fp/hard/libc_nano.a(lib_a-nano-vfprintf_i.o)
 .debug_info    0x0000000000024a1e      0x998 /usr/lib/gcc/arm-none-eabi/10.3.1/../../../arm-none-eabi/lib/thumb/v7e-m+fp/hard/libc_nano.a(lib_a-wbuf.o)
 .debug_info    0x00000000000253b6      0x902 /usr/lib/gcc/arm-none-eabi/10.3.1/../../../arm-none-eabi/lib/thumb/v7e-m+fp/hard/libc_nano.a(lib_a-wsetup.o)
 .debug_info    0x0000000000025cb8       0xcb /usr/lib/gcc/arm-none-eabi/10.3.1/../../../arm-none-eabi/lib/thumb/v7e-m+fp/hard/libc_nano.a(lib_a-abort.o)
 .debug_info    0x0000000000025d83      0xb0d /usr/lib/gcc/arm-none-eabi/10.3.1/../../../arm-none-eabi/lib/thumb/v7e-m+fp/hard/libc_nano.a(lib_a-fflush.o)
 .debug_info    0x0000000000026890      0xfae /usr/lib/gcc/arm-none-eabi/10.3.1/../../../arm-none-eabi/lib/thumb/v7e-m+fp/hard/libc_nano.a(lib_a-findfp.o)
 .debug_info    0x000000000002783e      0xb5e /usr/lib/gcc/arm-none-eabi/10.3.1/../../../arm-none-eabi/lib/thumb/v7e-m+fp/hard/libc_nano.a(lib_a-fvwrite.o)
 .debug_info    0x000000000002839c      0x900 /usr/lib/gcc/arm-none-eabi/10.3.1/../../../arm-none-eabi/lib/thumb/v7e-m+fp/hard/libc_nano.a(lib_a-fwalk.o)
 .debug_info    0x0000000000028c9c      0xc8a /usr/lib/gcc/arm-none-eabi/10.3.1/../../../arm-none-eabi/lib/thumb/v7e-m+fp/hard/libc_nano.a(lib_a-makebuf.o)
 .debug_info    0x0000000000029926       0x26 /usr/lib/gcc/arm-none-eabi/10.3.1/../../../arm-none-eabi/lib/thumb/v7e-m+fp/hard/libc_nano.a(lib_a-memchr.o)
 .debug_info    0x000000000002994c       0x26 /usr/lib/gcc/arm-none-eabi/10.3.1/../../../arm-none-eabi/lib/thumb/v7e-m+fp/hard/libc_nano.a(lib_a-memcpy.o)
 .debug_info    0x0000000000029972      0x152 /usr/lib/gcc/arm-none-eabi/10.3.1/../../../arm-none-eabi/lib/thumb/v7e-m+fp/hard/libc_nano.a(lib_a-memmove.o)
 .debug_info    0x0000000000029ac4      0x903 /usr/lib/gcc/arm-none-eabi/10.3.1/../../../arm-none-eabi/lib/thumb/v7e-m+fp/hard/libc_nano.a(lib_a-nano-freer.o)
 .debug_info    0x000000000002a3c7      0xa0c /usr/lib/gcc/arm-none-eabi/10.3.1/../../../arm-none-eabi/lib/thumb/v7e-m+fp/hard/libc_nano.a(lib_a-nano-mallocr.o)
 .debug_info    0x000000000002add3      0x911 /usr/lib/gcc/arm-none-eabi/10.3.1/../../../arm-none-eabi/lib/thumb/v7e-m+fp/hard/libc_nano.a(lib_a-nano-reallocr.o)
 .debug_info    0x000000000002b6e4      0x828 /usr/lib/gcc/arm-none-eabi/10.3.1/../../../arm-none-eabi/lib/thumb/v7e-m+fp/hard/libc_nano.a(lib_a-sbrkr.o)
 .debug_info    0x000000000002bf0c      0xdcc /usr/lib/gcc/arm-none-eabi/10.3.1/../../../arm-none-eabi/lib/thumb/v7e-m+fp/hard/libc_nano.a(lib_a-signal.o)
 .debug_info    0x000000000002ccd8      0x871 /usr/lib/gcc/arm-none-eabi/10.3.1/../../../arm-none-eabi/lib/thumb/v7e-m+fp/hard/libc_nano.a(lib_a-signalr.o)
 .debug_info    0x000000000002d549      0xabc /usr/lib/gcc/arm-none-eabi/10.3.1/../../../arm-none-eabi/lib/thumb/v7e-m+fp/hard/libc_nano.a(lib_a-stdio.o)
 .debug_info    0x000000000002e005      0x85a /usr/lib/gcc/arm-none-eabi/10.3.1/../../../arm-none-eabi/lib/thumb/v7e-m+fp/hard/libc_nano.a(lib_a-writer.o)
 .debug_info    0x000000000002e85f      0x805 /usr/lib/gcc/arm-none-eabi/10.3.1/../../../arm-none-eabi/lib/thumb/v7e-m+fp/hard/libc_nano.a(lib_a-closer.o)
 .debug_info    0x000000000002f064      0xa1d /usr/lib/gcc/arm-none-eabi/10.3.1/../../../arm-none-eabi/lib/thumb/v7e-m+fp/hard/libc_nano.a(lib_a-fstatr.o)
 .debug_info    0x000000000002fa81      0x805 /usr/lib/gcc/arm-none-eabi/10.3.1/../../../arm-none-eabi/lib/thumb/v7e-m+fp/hard/libc_nano.a(lib_a-isattyr.o)
 .debug_info    0x0000000000030286      0x83b /usr/lib/gcc/arm-none-eabi/10.3.1/../../../arm-none-eabi/lib/thumb/v7e-m+fp/hard/libc_nano.a(lib_a-lseekr.o)
 .debug_info    0x0000000000030ac1      0x7dc /usr/lib/gcc/arm-none-eabi/10.3.1/../../../arm-none-eabi/lib/thumb/v7e-m+fp/hard/libc_nano.a(lib_a-mlock.o)
 .debug_info    0x000000000003129d      0x840 /usr/lib/gcc/arm-none-eabi/10.3.1/../../../arm-none-eabi/lib/thumb/v7e-m+fp/hard/libc_nano.a(lib_a-nano-msizer.o)
 .debug_info    0x0000000000031add      0x853 /usr/lib/gcc/arm-none-eabi/10.3.1/../../../arm-none-eabi/lib/thumb/v7e-m+fp/hard/libc_nano.a(lib_a-readr.o)
 .debug_info    0x0000000000032330      0xa7e /usr/lib/gcc/arm-none-eabi/10.3.1/../../../arm-none-eabi/lib/thumb/v7e-m+fp/hard/libc_nano.a(lib_a-reent.o)
 .debug_info    0x0000000000032dae       0x26 /usr/lib/gcc/arm-none-eabi/10.3.1/thumb/v7e-m+fp/hard/libgcc.a(_arm_addsubdf3.o)
 .debug_info    0x0000000000032dd4       0x26 /usr/lib/gcc/arm-none-eabi/10.3.1/thumb/v7e-m+fp/hard/libgcc.a(_arm_muldivdf3.o)
 .debug_info    0x0000000000032dfa       0x26 /usr/lib/gcc/arm-none-eabi/10.3.1/thumb/v7e-m+fp/hard/libgcc.a(_arm_truncdfsf2.o)
 .debug_info    0x0000000000032e20      0x303 /usr/lib/gcc/arm-none-eabi/10.3.1/thumb/v7e-m+fp/hard/libgcc.a(_fixdfdi.o)
 .debug_info    0x0000000000033123      0x366 /usr/lib/gcc/arm-none-eabi/10.3.1/thumb/v7e-m+fp/hard/libgcc.a(_fixunsdfdi.o)
 .debug_info    0x0000000000033489       0x26 /usr/lib/gcc/arm-none-eabi/10.3.1/thumb/v7e-m+fp/hard/libgcc.a(_arm_cmpdf2.o)
 .debug_info    0x00000000000334af       0x26 /usr/lib/gcc/arm-none-eabi/10.3.1/thumb/v7e-m+fp/hard/libgcc.a(_arm_fixunsdfsi.o)

.debug_abbrev   0x0000000000000000     0x7c14
 .debug_abbrev  0x0000000000000000       0xda build/debug/config_options.o
 .debug_abbrev  0x00000000000000da      0x3a2 build/debug/deca_device.o
 .debug_abbrev  0x000000000000047c       0xb9 build/debug/deca_mutex.o
 .debug_abbrev  0x0000000000000535       0x84 build/debug/deca_sleep.o
 .debug_abbrev  0x00000000000005b9      0x1f5 build/debug/deca_spi.o
 .debug_abbrev  0x00000000000007ae      0x114 build/debug/dma.o
 .debug_abbrev  0x00000000000008c2      0x1f8 build/debug/ds_twr_responder_sts.o
 .debug_abbrev  0x0000000000000aba       0xc9 build/debug/example_info.o
 .debug_abbrev  0x0000000000000b83      0x14e build/debug/gpio.o
 .debug_abbrev  0x0000000000000cd1      0x27a build/debug/main.o
 .debug_abbrev  0x0000000000000f4b      0x2be build/debug/port.o
 .debug_abbrev  0x0000000000001209      0x23f build/debug/shared_functions.o
 .debug_abbrev  0x0000000000001448      0x1d3 build/debug/spi.o
 .debug_abbrev  0x000000000000161b      0x207 build/debug/stm32f3xx_hal.o
 .debug_abbrev  0x0000000000001822      0x361 build/debug/stm32f3xx_hal_cortex.o
 .debug_abbrev  0x0000000000001b83      0x212 build/debug/stm32f3xx_hal_dma.o
 .debug_abbrev  0x0000000000001d95      0x1e6 build/debug/stm32f3xx_hal_gpio.o
 .debug_abbrev  0x0000000000001f7b       0xbf build/debug/stm32f3xx_hal_msp.o
 .debug_abbrev  0x000000000000203a      0x2e4 build/debug/stm32f3xx_hal_rcc.o
 .debug_abbrev  0x000000000000231e      0x264 build/debug/stm32f3xx_hal_rcc_ex.o
 .debug_abbrev  0x0000000000002582      0x248 build/debug/stm32f3xx_hal_spi.o
 .debug_abbrev  0x00000000000027ca      0x232 build/debug/stm32f3xx_hal_tim.o
 .debug_abbrev  0x00000000000029fc      0x248 build/debug/stm32f3xx_hal_tim_ex.o
 .debug_abbrev  0x0000000000002c44      0x2cc build/debug/stm32f3xx_hal_uart.o
 .debug_abbrev  0x0000000000002f10      0x2cd build/debug/stm32f3xx_hal_uart_ex.o
 .debug_abbrev  0x00000000000031dd      0x15b build/debug/stm32f3xx_it.o
 .debug_abbrev  0x0000000000003338      0x1a3 build/debug/syscalls.o
 .debug_abbrev  0x00000000000034db       0xe7 build/debug/sysmem.o
 .debug_abbrev  0x00000000000035c2      0x119 build/debug/system_stm32f3xx.o
 .debug_abbrev  0x00000000000036db      0x1c5 build/debug/tim.o
 .debug_abbrev  0x00000000000038a0      0x1f6 build/debug/usart.o
 .debug_abbrev  0x0000000000003a96       0x12 build/debug/startup_stm32f303xc.o
 .debug_abbrev  0x0000000000003aa8      0x1c3 /usr/lib/gcc/arm-none-eabi/10.3.1/../../../arm-none-eabi/lib/thumb/v7e-m+fp/hard/libc_nano.a(lib_a-assert.o)
 .debug_abbrev  0x0000000000003c6b      0x157 /usr/lib/gcc/arm-none-eabi/10.3.1/../../../arm-none-eabi/lib/thumb/v7e-m+fp/hard/libc_nano.a(lib_a-errno.o)
 .debug_abbrev  0x0000000000003dc2      0x213 /usr/lib/gcc/arm-none-eabi/10.3.1/../../../arm-none-eabi/lib/thumb/v7e-m+fp/hard/libc_nano.a(lib_a-fprintf.o)
 .debug_abbrev  0x0000000000003fd5      0x151 /usr/lib/gcc/arm-none-eabi/10.3.1/../../../arm-none-eabi/lib/thumb/v7e-m+fp/hard/libc_nano.a(lib_a-impure.o)
 .debug_abbrev  0x0000000000004126       0xcc /usr/lib/gcc/arm-none-eabi/10.3.1/../../../arm-none-eabi/lib/thumb/v7e-m+fp/hard/libc_nano.a(lib_a-init.o)
 .debug_abbrev  0x00000000000041f2       0x8d /usr/lib/gcc/arm-none-eabi/10.3.1/../../../arm-none-eabi/lib/thumb/v7e-m+fp/hard/libc_nano.a(lib_a-memcmp.o)
 .debug_abbrev  0x000000000000427f       0xb4 /usr/lib/gcc/arm-none-eabi/10.3.1/../../../arm-none-eabi/lib/thumb/v7e-m+fp/hard/libc_nano.a(lib_a-memset.o)
 .debug_abbrev  0x0000000000004333      0x358 /usr/lib/gcc/arm-none-eabi/10.3.1/../../../arm-none-eabi/lib/thumb/v7e-m+fp/hard/libc_nano.a(lib_a-nano-vfprintf.o)
 .debug_abbrev  0x000000000000468b      0x25c /usr/lib/gcc/arm-none-eabi/10.3.1/../../../arm-none-eabi/lib/thumb/v7e-m+fp/hard/libc_nano.a(lib_a-nano-vfprintf_i.o)
 .debug_abbrev  0x00000000000048e7      0x21f /usr/lib/gcc/arm-none-eabi/10.3.1/../../../arm-none-eabi/lib/thumb/v7e-m+fp/hard/libc_nano.a(lib_a-wbuf.o)
 .debug_abbrev  0x0000000000004b06      0x1d4 /usr/lib/gcc/arm-none-eabi/10.3.1/../../../arm-none-eabi/lib/thumb/v7e-m+fp/hard/libc_nano.a(lib_a-wsetup.o)
 .debug_abbrev  0x0000000000004cda       0x80 /usr/lib/gcc/arm-none-eabi/10.3.1/../../../arm-none-eabi/lib/thumb/v7e-m+fp/hard/libc_nano.a(lib_a-abort.o)
 .debug_abbrev  0x0000000000004d5a      0x2dd /usr/lib/gcc/arm-none-eabi/10.3.1/../../../arm-none-eabi/lib/thumb/v7e-m+fp/hard/libc_nano.a(lib_a-fflush.o)
 .debug_abbrev  0x0000000000005037      0x3cd /usr/lib/gcc/arm-none-eabi/10.3.1/../../../arm-none-eabi/lib/thumb/v7e-m+fp/hard/libc_nano.a(lib_a-findfp.o)
 .debug_abbrev  0x0000000000005404      0x1f7 /usr/lib/gcc/arm-none-eabi/10.3.1/../../../arm-none-eabi/lib/thumb/v7e-m+fp/hard/libc_nano.a(lib_a-fvwrite.o)
 .debug_abbrev  0x00000000000055fb      0x197 /usr/lib/gcc/arm-none-eabi/10.3.1/../../../arm-none-eabi/lib/thumb/v7e-m+fp/hard/libc_nano.a(lib_a-fwalk.o)